// Validating benchmarks:
// ***** BenchmarkRunner: Start   *****
// ***** Found 13 benchmark(s) in total *****
// ***** Building 1 exe(s) in Parallel: Start   *****
Unable to find .sln or .csproj file. Will use current directory D:\Projects\LongPd.Dates to search for project file. If you don't use .sln file on purpose it should not be a problem.
// start dotnet  restore /p:UseSharedCompilation=false /p:BuildInParallel=false /m:1 /p:Deterministic=true /p:Optimize=true /p:IntermediateOutputPath="D:\Projects\LongPd.Dates\LongPd.Dates.Julian.Benchmarks\bin\Release\net8.0\963e4e57-02f3-4447-b1bb-b281aef2f2eb\obj\Release\net8.0/" /p:OutDir="D:\Projects\LongPd.Dates\LongPd.Dates.Julian.Benchmarks\bin\Release\net8.0\963e4e57-02f3-4447-b1bb-b281aef2f2eb\bin\Release\net8.0/" /p:OutputPath="D:\Projects\LongPd.Dates\LongPd.Dates.Julian.Benchmarks\bin\Release\net8.0\963e4e57-02f3-4447-b1bb-b281aef2f2eb\bin\Release\net8.0/" in D:\Projects\LongPd.Dates\LongPd.Dates.Julian.Benchmarks\bin\Release\net8.0\963e4e57-02f3-4447-b1bb-b281aef2f2eb
// command took 1.82 sec and exited with 0
// start dotnet  build -c Release --no-restore /p:UseSharedCompilation=false /p:BuildInParallel=false /m:1 /p:Deterministic=true /p:Optimize=true /p:IntermediateOutputPath="D:\Projects\LongPd.Dates\LongPd.Dates.Julian.Benchmarks\bin\Release\net8.0\963e4e57-02f3-4447-b1bb-b281aef2f2eb\obj\Release\net8.0/" /p:OutDir="D:\Projects\LongPd.Dates\LongPd.Dates.Julian.Benchmarks\bin\Release\net8.0\963e4e57-02f3-4447-b1bb-b281aef2f2eb\bin\Release\net8.0/" /p:OutputPath="D:\Projects\LongPd.Dates\LongPd.Dates.Julian.Benchmarks\bin\Release\net8.0\963e4e57-02f3-4447-b1bb-b281aef2f2eb\bin\Release\net8.0/" --output "D:\Projects\LongPd.Dates\LongPd.Dates.Julian.Benchmarks\bin\Release\net8.0\963e4e57-02f3-4447-b1bb-b281aef2f2eb\bin\Release\net8.0/" in D:\Projects\LongPd.Dates\LongPd.Dates.Julian.Benchmarks\bin\Release\net8.0\963e4e57-02f3-4447-b1bb-b281aef2f2eb
// command took 7.75 sec and exited with 0
// ***** Done, took 00:00:09 (9.62 sec)   *****
// Found 13 benchmarks:
//   JulianBenchmarks.ToAstronomicalJD: ShortRun(IterationCount=3, LaunchCount=1, WarmupCount=3)
//   JulianBenchmarks.FromAstronomicalJD: ShortRun(IterationCount=3, LaunchCount=1, WarmupCount=3)
//   JulianBenchmarks.ToModifiedJulianDate: ShortRun(IterationCount=3, LaunchCount=1, WarmupCount=3)
//   JulianBenchmarks.FromModifiedJulianDate: ShortRun(IterationCount=3, LaunchCount=1, WarmupCount=3)
//   JulianBenchmarks.ToOrdinalDate: ShortRun(IterationCount=3, LaunchCount=1, WarmupCount=3)
//   JulianBenchmarks.FromOrdinalDate: ShortRun(IterationCount=3, LaunchCount=1, WarmupCount=3)
//   JulianBenchmarks.ToVietnameseLunar: ShortRun(IterationCount=3, LaunchCount=1, WarmupCount=3)
//   JulianBenchmarks.FromVietnameseLunar: ShortRun(IterationCount=3, LaunchCount=1, WarmupCount=3)
//   JulianBenchmarks.GetSolarTerm: ShortRun(IterationCount=3, LaunchCount=1, WarmupCount=3)
//   JulianBenchmarks.GetSolarTermName: ShortRun(IterationCount=3, LaunchCount=1, WarmupCount=3)
//   JulianBenchmarks.SunLongitude: ShortRun(IterationCount=3, LaunchCount=1, WarmupCount=3)
//   JulianBenchmarks.NewMoon: ShortRun(IterationCount=3, LaunchCount=1, WarmupCount=3)
//   JulianBenchmarks.LutDecode: ShortRun(IterationCount=3, LaunchCount=1, WarmupCount=3)

Setup power plan (GUID: 8c5e7fda-e8bf-4a96-9a85-a6e23a8c635c FriendlyName: High performance)
// **************************
// Benchmark: JulianBenchmarks.ToAstronomicalJD: ShortRun(IterationCount=3, LaunchCount=1, WarmupCount=3)
// *** Execute ***
// Launch: 1 / 1
// Execute: dotnet 963e4e57-02f3-4447-b1bb-b281aef2f2eb.dll --anonymousPipes 1636 612 --benchmarkName JulianBenchmarks.ToAstronomicalJD --job ShortRun --benchmarkId 0 in D:\Projects\LongPd.Dates\LongPd.Dates.Julian.Benchmarks\bin\Release\net8.0\963e4e57-02f3-4447-b1bb-b281aef2f2eb\bin\Release\net8.0
// BeforeAnythingElse

// Benchmark Process Environment Information:
// BenchmarkDotNet v0.14.0
// Runtime=.NET 8.0.24 (8.0.2426.7010), X64 RyuJIT AVX-512F+CD+BW+DQ+VL+VBMI
// GC=Non-concurrent Workstation
// HardwareIntrinsics=AVX-512F+CD+BW+DQ+VL+VBMI,AES,BMI1,BMI2,FMA,LZCNT,PCLMUL,POPCNT,AvxVnni VectorSize=256
// Job: ShortRun(IterationCount=3, LaunchCount=1, WarmupCount=3)

OverheadJitting  1: 1 op, 511300.00 ns, 511.3000 us/op
WorkloadJitting  1: 1 op, 1081000.00 ns, 1.0810 ms/op

OverheadJitting  2: 16 op, 267200.00 ns, 16.7000 us/op
WorkloadJitting  2: 16 op, 255200.00 ns, 15.9500 us/op

WorkloadPilot    1: 16 op, 2300.00 ns, 143.7500 ns/op
WorkloadPilot    2: 32 op, 900.00 ns, 28.1250 ns/op
WorkloadPilot    3: 64 op, 1400.00 ns, 21.8750 ns/op
WorkloadPilot    4: 128 op, 4200.00 ns, 32.8125 ns/op
WorkloadPilot    5: 256 op, 12200.00 ns, 47.6563 ns/op
WorkloadPilot    6: 512 op, 9600.00 ns, 18.7500 ns/op
WorkloadPilot    7: 1024 op, 17600.00 ns, 17.1875 ns/op
WorkloadPilot    8: 2048 op, 62400.00 ns, 30.4688 ns/op
WorkloadPilot    9: 4096 op, 82400.00 ns, 20.1172 ns/op
WorkloadPilot   10: 8192 op, 141400.00 ns, 17.2607 ns/op
WorkloadPilot   11: 16384 op, 288100.00 ns, 17.5842 ns/op
WorkloadPilot   12: 32768 op, 608500.00 ns, 18.5699 ns/op
WorkloadPilot   13: 65536 op, 1145700.00 ns, 17.4820 ns/op
WorkloadPilot   14: 131072 op, 2263200.00 ns, 17.2668 ns/op
WorkloadPilot   15: 262144 op, 4550800.00 ns, 17.3599 ns/op
WorkloadPilot   16: 524288 op, 9148700.00 ns, 17.4498 ns/op
WorkloadPilot   17: 1048576 op, 21494600.00 ns, 20.4988 ns/op
WorkloadPilot   18: 2097152 op, 37858400.00 ns, 18.0523 ns/op
WorkloadPilot   19: 4194304 op, 72671200.00 ns, 17.3262 ns/op
WorkloadPilot   20: 8388608 op, 108490800.00 ns, 12.9331 ns/op
WorkloadPilot   21: 16777216 op, 213642500.00 ns, 12.7341 ns/op
WorkloadPilot   22: 33554432 op, 427487300.00 ns, 12.7401 ns/op
WorkloadPilot   23: 67108864 op, 861647200.00 ns, 12.8395 ns/op

OverheadWarmup   1: 67108864 op, 87887100.00 ns, 1.3096 ns/op
OverheadWarmup   2: 67108864 op, 85708000.00 ns, 1.2771 ns/op
OverheadWarmup   3: 67108864 op, 92093100.00 ns, 1.3723 ns/op
OverheadWarmup   4: 67108864 op, 93407400.00 ns, 1.3919 ns/op
OverheadWarmup   5: 67108864 op, 69549500.00 ns, 1.0364 ns/op
OverheadWarmup   6: 67108864 op, 69740000.00 ns, 1.0392 ns/op
OverheadWarmup   7: 67108864 op, 71460100.00 ns, 1.0648 ns/op
OverheadWarmup   8: 67108864 op, 69728700.00 ns, 1.0390 ns/op

OverheadActual   1: 67108864 op, 69675700.00 ns, 1.0382 ns/op
OverheadActual   2: 67108864 op, 71020300.00 ns, 1.0583 ns/op
OverheadActual   3: 67108864 op, 69601100.00 ns, 1.0371 ns/op
OverheadActual   4: 67108864 op, 69629400.00 ns, 1.0376 ns/op
OverheadActual   5: 67108864 op, 69842100.00 ns, 1.0407 ns/op
OverheadActual   6: 67108864 op, 71011300.00 ns, 1.0582 ns/op
OverheadActual   7: 67108864 op, 69741500.00 ns, 1.0392 ns/op
OverheadActual   8: 67108864 op, 70117600.00 ns, 1.0448 ns/op
OverheadActual   9: 67108864 op, 70369200.00 ns, 1.0486 ns/op
OverheadActual  10: 67108864 op, 70506000.00 ns, 1.0506 ns/op
OverheadActual  11: 67108864 op, 70619300.00 ns, 1.0523 ns/op
OverheadActual  12: 67108864 op, 69964000.00 ns, 1.0425 ns/op
OverheadActual  13: 67108864 op, 69970600.00 ns, 1.0426 ns/op
OverheadActual  14: 67108864 op, 70241800.00 ns, 1.0467 ns/op
OverheadActual  15: 67108864 op, 70626900.00 ns, 1.0524 ns/op

WorkloadWarmup   1: 67108864 op, 858880300.00 ns, 12.7983 ns/op
WorkloadWarmup   2: 67108864 op, 855606400.00 ns, 12.7495 ns/op
WorkloadWarmup   3: 67108864 op, 855044700.00 ns, 12.7412 ns/op

// BeforeActualRun
WorkloadActual   1: 67108864 op, 855554800.00 ns, 12.7488 ns/op
WorkloadActual   2: 67108864 op, 854441200.00 ns, 12.7322 ns/op
WorkloadActual   3: 67108864 op, 863100600.00 ns, 12.8612 ns/op

// AfterActualRun
WorkloadResult   1: 67108864 op, 785437200.00 ns, 11.7039 ns/op
WorkloadResult   2: 67108864 op, 784323600.00 ns, 11.6873 ns/op
WorkloadResult   3: 67108864 op, 792983000.00 ns, 11.8164 ns/op
// GC:  0 0 0 64 67108864
// Threading:  0 0 67108864

// AfterAll
// Benchmark Process 9516 has exited with code 0.

Mean = 11.736 ns, StdErr = 0.041 ns (0.35%), N = 3, StdDev = 0.070 ns
Min = 11.687 ns, Q1 = 11.696 ns, Median = 11.704 ns, Q3 = 11.760 ns, Max = 11.816 ns
IQR = 0.065 ns, LowerFence = 11.599 ns, UpperFence = 11.857 ns
ConfidenceInterval = [10.455 ns; 13.017 ns] (CI 99.9%), Margin = 1.281 ns (10.91% of Mean)
Skewness = 0.36, Kurtosis = 0.67, MValue = 2

// ** Remained 12 (92.3%) benchmark(s) to run. Estimated finish 2026-05-01 15:43 (0h 1m from now) **
Setup power plan (GUID: 8c5e7fda-e8bf-4a96-9a85-a6e23a8c635c FriendlyName: High performance)
// **************************
// Benchmark: JulianBenchmarks.FromAstronomicalJD: ShortRun(IterationCount=3, LaunchCount=1, WarmupCount=3)
// *** Execute ***
// Launch: 1 / 1
// Execute: dotnet 963e4e57-02f3-4447-b1bb-b281aef2f2eb.dll --anonymousPipes 1832 1628 --benchmarkName JulianBenchmarks.FromAstronomicalJD --job ShortRun --benchmarkId 1 in D:\Projects\LongPd.Dates\LongPd.Dates.Julian.Benchmarks\bin\Release\net8.0\963e4e57-02f3-4447-b1bb-b281aef2f2eb\bin\Release\net8.0
// BeforeAnythingElse

// Benchmark Process Environment Information:
// BenchmarkDotNet v0.14.0
// Runtime=.NET 8.0.24 (8.0.2426.7010), X64 RyuJIT AVX-512F+CD+BW+DQ+VL+VBMI
// GC=Non-concurrent Workstation
// HardwareIntrinsics=AVX-512F+CD+BW+DQ+VL+VBMI,AES,BMI1,BMI2,FMA,LZCNT,PCLMUL,POPCNT,AvxVnni VectorSize=256
// Job: ShortRun(IterationCount=3, LaunchCount=1, WarmupCount=3)

OverheadJitting  1: 1 op, 203400.00 ns, 203.4000 us/op
WorkloadJitting  1: 1 op, 894100.00 ns, 894.1000 us/op

OverheadJitting  2: 16 op, 418400.00 ns, 26.1500 us/op
WorkloadJitting  2: 16 op, 132000.00 ns, 8.2500 us/op

WorkloadPilot    1: 16 op, 2400.00 ns, 150.0000 ns/op
WorkloadPilot    2: 32 op, 1800.00 ns, 56.2500 ns/op
WorkloadPilot    3: 64 op, 5900.00 ns, 92.1875 ns/op
WorkloadPilot    4: 128 op, 10200.00 ns, 79.6875 ns/op
WorkloadPilot    5: 256 op, 13300.00 ns, 51.9531 ns/op
WorkloadPilot    6: 512 op, 25600.00 ns, 50.0000 ns/op
WorkloadPilot    7: 1024 op, 85100.00 ns, 83.1055 ns/op
WorkloadPilot    8: 2048 op, 236000.00 ns, 115.2344 ns/op
WorkloadPilot    9: 4096 op, 200800.00 ns, 49.0234 ns/op
WorkloadPilot   10: 8192 op, 399900.00 ns, 48.8159 ns/op
WorkloadPilot   11: 16384 op, 818800.00 ns, 49.9756 ns/op
WorkloadPilot   12: 32768 op, 2189700.00 ns, 66.8243 ns/op
WorkloadPilot   13: 65536 op, 3207200.00 ns, 48.9380 ns/op
WorkloadPilot   14: 131072 op, 6422800.00 ns, 49.0021 ns/op
WorkloadPilot   15: 262144 op, 12873600.00 ns, 49.1089 ns/op
WorkloadPilot   16: 524288 op, 25741900.00 ns, 49.0988 ns/op
WorkloadPilot   17: 1048576 op, 51497800.00 ns, 49.1121 ns/op
WorkloadPilot   18: 2097152 op, 56564000.00 ns, 26.9718 ns/op
WorkloadPilot   19: 4194304 op, 54261200.00 ns, 12.9369 ns/op
WorkloadPilot   20: 8388608 op, 108791700.00 ns, 12.9690 ns/op
WorkloadPilot   21: 16777216 op, 216656900.00 ns, 12.9138 ns/op
WorkloadPilot   22: 33554432 op, 433864200.00 ns, 12.9302 ns/op
WorkloadPilot   23: 67108864 op, 867296100.00 ns, 12.9237 ns/op

OverheadWarmup   1: 67108864 op, 83748100.00 ns, 1.2479 ns/op
OverheadWarmup   2: 67108864 op, 84076700.00 ns, 1.2528 ns/op
OverheadWarmup   3: 67108864 op, 89696800.00 ns, 1.3366 ns/op
OverheadWarmup   4: 67108864 op, 89589400.00 ns, 1.3350 ns/op
OverheadWarmup   5: 67108864 op, 70794000.00 ns, 1.0549 ns/op
OverheadWarmup   6: 67108864 op, 69410600.00 ns, 1.0343 ns/op
OverheadWarmup   7: 67108864 op, 69585700.00 ns, 1.0369 ns/op
OverheadWarmup   8: 67108864 op, 69420500.00 ns, 1.0344 ns/op

OverheadActual   1: 67108864 op, 69442600.00 ns, 1.0348 ns/op
OverheadActual   2: 67108864 op, 72828400.00 ns, 1.0852 ns/op
OverheadActual   3: 67108864 op, 69456200.00 ns, 1.0350 ns/op
OverheadActual   4: 67108864 op, 69445300.00 ns, 1.0348 ns/op
OverheadActual   5: 67108864 op, 70040500.00 ns, 1.0437 ns/op
OverheadActual   6: 67108864 op, 69476700.00 ns, 1.0353 ns/op
OverheadActual   7: 67108864 op, 69389400.00 ns, 1.0340 ns/op
OverheadActual   8: 67108864 op, 69677800.00 ns, 1.0383 ns/op
OverheadActual   9: 67108864 op, 70657700.00 ns, 1.0529 ns/op
OverheadActual  10: 67108864 op, 70164000.00 ns, 1.0455 ns/op
OverheadActual  11: 67108864 op, 69477700.00 ns, 1.0353 ns/op
OverheadActual  12: 67108864 op, 69758600.00 ns, 1.0395 ns/op
OverheadActual  13: 67108864 op, 70362300.00 ns, 1.0485 ns/op
OverheadActual  14: 67108864 op, 69857100.00 ns, 1.0410 ns/op
OverheadActual  15: 67108864 op, 70522700.00 ns, 1.0509 ns/op

WorkloadWarmup   1: 67108864 op, 873562500.00 ns, 13.0171 ns/op
WorkloadWarmup   2: 67108864 op, 867655100.00 ns, 12.9291 ns/op
WorkloadWarmup   3: 67108864 op, 867580800.00 ns, 12.9280 ns/op

// BeforeActualRun
WorkloadActual   1: 67108864 op, 867510200.00 ns, 12.9269 ns/op
WorkloadActual   2: 67108864 op, 868260200.00 ns, 12.9381 ns/op
WorkloadActual   3: 67108864 op, 878114200.00 ns, 13.0849 ns/op

// AfterActualRun
WorkloadResult   1: 67108864 op, 797751600.00 ns, 11.8874 ns/op
WorkloadResult   2: 67108864 op, 798501600.00 ns, 11.8986 ns/op
WorkloadResult   3: 67108864 op, 808355600.00 ns, 12.0454 ns/op
// GC:  0 0 0 400 67108864
// Threading:  0 0 67108864

// AfterAll
// Benchmark Process 28116 has exited with code 0.

Mean = 11.944 ns, StdErr = 0.051 ns (0.43%), N = 3, StdDev = 0.088 ns
Min = 11.887 ns, Q1 = 11.893 ns, Median = 11.899 ns, Q3 = 11.972 ns, Max = 12.045 ns
IQR = 0.079 ns, LowerFence = 11.775 ns, UpperFence = 12.091 ns
ConfidenceInterval = [10.335 ns; 13.553 ns] (CI 99.9%), Margin = 1.609 ns (13.47% of Mean)
Skewness = 0.38, Kurtosis = 0.67, MValue = 2

// ** Remained 11 (84.6%) benchmark(s) to run. Estimated finish 2026-05-01 15:43 (0h 1m from now) **
Setup power plan (GUID: 8c5e7fda-e8bf-4a96-9a85-a6e23a8c635c FriendlyName: High performance)
// **************************
// Benchmark: JulianBenchmarks.ToModifiedJulianDate: ShortRun(IterationCount=3, LaunchCount=1, WarmupCount=3)
// *** Execute ***
// Launch: 1 / 1
// Execute: dotnet 963e4e57-02f3-4447-b1bb-b281aef2f2eb.dll --anonymousPipes 1692 1812 --benchmarkName JulianBenchmarks.ToModifiedJulianDate --job ShortRun --benchmarkId 2 in D:\Projects\LongPd.Dates\LongPd.Dates.Julian.Benchmarks\bin\Release\net8.0\963e4e57-02f3-4447-b1bb-b281aef2f2eb\bin\Release\net8.0
// BeforeAnythingElse

// Benchmark Process Environment Information:
// BenchmarkDotNet v0.14.0
// Runtime=.NET 8.0.24 (8.0.2426.7010), X64 RyuJIT AVX-512F+CD+BW+DQ+VL+VBMI
// GC=Non-concurrent Workstation
// HardwareIntrinsics=AVX-512F+CD+BW+DQ+VL+VBMI,AES,BMI1,BMI2,FMA,LZCNT,PCLMUL,POPCNT,AvxVnni VectorSize=256
// Job: ShortRun(IterationCount=3, LaunchCount=1, WarmupCount=3)

OverheadJitting  1: 1 op, 516300.00 ns, 516.3000 us/op
WorkloadJitting  1: 1 op, 1421100.00 ns, 1.4211 ms/op

OverheadJitting  2: 16 op, 336900.00 ns, 21.0563 us/op
WorkloadJitting  2: 16 op, 233200.00 ns, 14.5750 us/op

WorkloadPilot    1: 16 op, 2000.00 ns, 125.0000 ns/op
WorkloadPilot    2: 32 op, 2800.00 ns, 87.5000 ns/op
WorkloadPilot    3: 64 op, 2000.00 ns, 31.2500 ns/op
WorkloadPilot    4: 128 op, 5100.00 ns, 39.8438 ns/op
WorkloadPilot    5: 256 op, 8100.00 ns, 31.6406 ns/op
WorkloadPilot    6: 512 op, 14900.00 ns, 29.1016 ns/op
WorkloadPilot    7: 1024 op, 20100.00 ns, 19.6289 ns/op
WorkloadPilot    8: 2048 op, 63700.00 ns, 31.1035 ns/op
WorkloadPilot    9: 4096 op, 77800.00 ns, 18.9941 ns/op
WorkloadPilot   10: 8192 op, 177600.00 ns, 21.6797 ns/op
WorkloadPilot   11: 16384 op, 311700.00 ns, 19.0247 ns/op
WorkloadPilot   12: 32768 op, 620000.00 ns, 18.9209 ns/op
WorkloadPilot   13: 65536 op, 1884000.00 ns, 28.7476 ns/op
WorkloadPilot   14: 131072 op, 2498700.00 ns, 19.0636 ns/op
WorkloadPilot   15: 262144 op, 5039900.00 ns, 19.2257 ns/op
WorkloadPilot   16: 524288 op, 10114100.00 ns, 19.2911 ns/op
WorkloadPilot   17: 1048576 op, 20246200.00 ns, 19.3083 ns/op
WorkloadPilot   18: 2097152 op, 39948500.00 ns, 19.0489 ns/op
WorkloadPilot   19: 4194304 op, 76827600.00 ns, 18.3171 ns/op
WorkloadPilot   20: 8388608 op, 109200600.00 ns, 13.0177 ns/op
WorkloadPilot   21: 16777216 op, 217531700.00 ns, 12.9659 ns/op
WorkloadPilot   22: 33554432 op, 434724600.00 ns, 12.9558 ns/op
WorkloadPilot   23: 67108864 op, 869102100.00 ns, 12.9506 ns/op

OverheadWarmup   1: 67108864 op, 84490100.00 ns, 1.2590 ns/op
OverheadWarmup   2: 67108864 op, 84381600.00 ns, 1.2574 ns/op
OverheadWarmup   3: 67108864 op, 89718800.00 ns, 1.3369 ns/op
OverheadWarmup   4: 67108864 op, 78074900.00 ns, 1.1634 ns/op
OverheadWarmup   5: 67108864 op, 70113100.00 ns, 1.0448 ns/op
OverheadWarmup   6: 67108864 op, 69680200.00 ns, 1.0383 ns/op
OverheadWarmup   7: 67108864 op, 69668600.00 ns, 1.0381 ns/op
OverheadWarmup   8: 67108864 op, 69766800.00 ns, 1.0396 ns/op
OverheadWarmup   9: 67108864 op, 69753000.00 ns, 1.0394 ns/op

OverheadActual   1: 67108864 op, 70541200.00 ns, 1.0511 ns/op
OverheadActual   2: 67108864 op, 70005600.00 ns, 1.0432 ns/op
OverheadActual   3: 67108864 op, 69787600.00 ns, 1.0399 ns/op
OverheadActual   4: 67108864 op, 69898400.00 ns, 1.0416 ns/op
OverheadActual   5: 67108864 op, 69892500.00 ns, 1.0415 ns/op
OverheadActual   6: 67108864 op, 70111700.00 ns, 1.0447 ns/op
OverheadActual   7: 67108864 op, 70246900.00 ns, 1.0468 ns/op
OverheadActual   8: 67108864 op, 70523000.00 ns, 1.0509 ns/op
OverheadActual   9: 67108864 op, 70478300.00 ns, 1.0502 ns/op
OverheadActual  10: 67108864 op, 70409900.00 ns, 1.0492 ns/op
OverheadActual  11: 67108864 op, 70349200.00 ns, 1.0483 ns/op
OverheadActual  12: 67108864 op, 70264600.00 ns, 1.0470 ns/op
OverheadActual  13: 67108864 op, 70006500.00 ns, 1.0432 ns/op
OverheadActual  14: 67108864 op, 70468700.00 ns, 1.0501 ns/op
OverheadActual  15: 67108864 op, 70272000.00 ns, 1.0471 ns/op

WorkloadWarmup   1: 67108864 op, 874049600.00 ns, 13.0244 ns/op
WorkloadWarmup   2: 67108864 op, 870612200.00 ns, 12.9731 ns/op
WorkloadWarmup   3: 67108864 op, 870406300.00 ns, 12.9701 ns/op

// BeforeActualRun
WorkloadActual   1: 67108864 op, 869672000.00 ns, 12.9591 ns/op
WorkloadActual   2: 67108864 op, 869978800.00 ns, 12.9637 ns/op
WorkloadActual   3: 67108864 op, 877688700.00 ns, 13.0786 ns/op

// AfterActualRun
WorkloadResult   1: 67108864 op, 799407400.00 ns, 11.9121 ns/op
WorkloadResult   2: 67108864 op, 799714200.00 ns, 11.9167 ns/op
WorkloadResult   3: 67108864 op, 807424100.00 ns, 12.0316 ns/op
// GC:  0 0 0 400 67108864
// Threading:  0 0 67108864

// AfterAll
// Benchmark Process 30696 has exited with code 0.

Mean = 11.953 ns, StdErr = 0.039 ns (0.33%), N = 3, StdDev = 0.068 ns
Min = 11.912 ns, Q1 = 11.914 ns, Median = 11.917 ns, Q3 = 11.974 ns, Max = 12.032 ns
IQR = 0.060 ns, LowerFence = 11.825 ns, UpperFence = 12.064 ns
ConfidenceInterval = [10.719 ns; 13.188 ns] (CI 99.9%), Margin = 1.235 ns (10.33% of Mean)
Skewness = 0.38, Kurtosis = 0.67, MValue = 2

// ** Remained 10 (76.9%) benchmark(s) to run. Estimated finish 2026-05-01 15:43 (0h 1m from now) **
Setup power plan (GUID: 8c5e7fda-e8bf-4a96-9a85-a6e23a8c635c FriendlyName: High performance)
// **************************
// Benchmark: JulianBenchmarks.FromModifiedJulianDate: ShortRun(IterationCount=3, LaunchCount=1, WarmupCount=3)
// *** Execute ***
// Launch: 1 / 1
// Execute: dotnet 963e4e57-02f3-4447-b1bb-b281aef2f2eb.dll --anonymousPipes 1860 1856 --benchmarkName JulianBenchmarks.FromModifiedJulianDate --job ShortRun --benchmarkId 3 in D:\Projects\LongPd.Dates\LongPd.Dates.Julian.Benchmarks\bin\Release\net8.0\963e4e57-02f3-4447-b1bb-b281aef2f2eb\bin\Release\net8.0
// BeforeAnythingElse

// Benchmark Process Environment Information:
// BenchmarkDotNet v0.14.0
// Runtime=.NET 8.0.24 (8.0.2426.7010), X64 RyuJIT AVX-512F+CD+BW+DQ+VL+VBMI
// GC=Non-concurrent Workstation
// HardwareIntrinsics=AVX-512F+CD+BW+DQ+VL+VBMI,AES,BMI1,BMI2,FMA,LZCNT,PCLMUL,POPCNT,AvxVnni VectorSize=256
// Job: ShortRun(IterationCount=3, LaunchCount=1, WarmupCount=3)

OverheadJitting  1: 1 op, 177300.00 ns, 177.3000 us/op
WorkloadJitting  1: 1 op, 826300.00 ns, 826.3000 us/op

OverheadJitting  2: 16 op, 496200.00 ns, 31.0125 us/op
WorkloadJitting  2: 16 op, 135600.00 ns, 8.4750 us/op

WorkloadPilot    1: 16 op, 2400.00 ns, 150.0000 ns/op
WorkloadPilot    2: 32 op, 1900.00 ns, 59.3750 ns/op
WorkloadPilot    3: 64 op, 5600.00 ns, 87.5000 ns/op
WorkloadPilot    4: 128 op, 11900.00 ns, 92.9688 ns/op
WorkloadPilot    5: 256 op, 13600.00 ns, 53.1250 ns/op
WorkloadPilot    6: 512 op, 42500.00 ns, 83.0078 ns/op
WorkloadPilot    7: 1024 op, 87500.00 ns, 85.4492 ns/op
WorkloadPilot    8: 2048 op, 103500.00 ns, 50.5371 ns/op
WorkloadPilot    9: 4096 op, 268800.00 ns, 65.6250 ns/op
WorkloadPilot   10: 8192 op, 421900.00 ns, 51.5015 ns/op
WorkloadPilot   11: 16384 op, 821200.00 ns, 50.1221 ns/op
WorkloadPilot   12: 32768 op, 1686100.00 ns, 51.4557 ns/op
WorkloadPilot   13: 65536 op, 3290900.00 ns, 50.2151 ns/op
WorkloadPilot   14: 131072 op, 6563400.00 ns, 50.0748 ns/op
WorkloadPilot   15: 262144 op, 13475900.00 ns, 51.4065 ns/op
WorkloadPilot   16: 524288 op, 26402100.00 ns, 50.3580 ns/op
WorkloadPilot   17: 1048576 op, 53220900.00 ns, 50.7554 ns/op
WorkloadPilot   18: 2097152 op, 54088900.00 ns, 25.7916 ns/op
WorkloadPilot   19: 4194304 op, 56064300.00 ns, 13.3668 ns/op
WorkloadPilot   20: 8388608 op, 112218100.00 ns, 13.3774 ns/op
WorkloadPilot   21: 16777216 op, 224153600.00 ns, 13.3606 ns/op
WorkloadPilot   22: 33554432 op, 448720500.00 ns, 13.3729 ns/op
WorkloadPilot   23: 67108864 op, 929650900.00 ns, 13.8529 ns/op

OverheadWarmup   1: 67108864 op, 84166800.00 ns, 1.2542 ns/op
OverheadWarmup   2: 67108864 op, 84492000.00 ns, 1.2590 ns/op
OverheadWarmup   3: 67108864 op, 89123100.00 ns, 1.3280 ns/op
OverheadWarmup   4: 67108864 op, 69437600.00 ns, 1.0347 ns/op
OverheadWarmup   5: 67108864 op, 69463300.00 ns, 1.0351 ns/op
OverheadWarmup   6: 67108864 op, 69563500.00 ns, 1.0366 ns/op
OverheadWarmup   7: 67108864 op, 69573900.00 ns, 1.0367 ns/op
OverheadWarmup   8: 67108864 op, 69586900.00 ns, 1.0369 ns/op
OverheadWarmup   9: 67108864 op, 69768900.00 ns, 1.0396 ns/op
OverheadWarmup  10: 67108864 op, 69513500.00 ns, 1.0358 ns/op

OverheadActual   1: 67108864 op, 69632200.00 ns, 1.0376 ns/op
OverheadActual   2: 67108864 op, 69648100.00 ns, 1.0378 ns/op
OverheadActual   3: 67108864 op, 72284700.00 ns, 1.0771 ns/op
OverheadActual   4: 67108864 op, 69832100.00 ns, 1.0406 ns/op
OverheadActual   5: 67108864 op, 70377200.00 ns, 1.0487 ns/op
OverheadActual   6: 67108864 op, 70043900.00 ns, 1.0437 ns/op
OverheadActual   7: 67108864 op, 70808000.00 ns, 1.0551 ns/op
OverheadActual   8: 67108864 op, 72347200.00 ns, 1.0781 ns/op
OverheadActual   9: 67108864 op, 70346100.00 ns, 1.0482 ns/op
OverheadActual  10: 67108864 op, 70197100.00 ns, 1.0460 ns/op
OverheadActual  11: 67108864 op, 69929700.00 ns, 1.0420 ns/op
OverheadActual  12: 67108864 op, 71295000.00 ns, 1.0624 ns/op
OverheadActual  13: 67108864 op, 70264200.00 ns, 1.0470 ns/op
OverheadActual  14: 67108864 op, 70545300.00 ns, 1.0512 ns/op
OverheadActual  15: 67108864 op, 70075400.00 ns, 1.0442 ns/op

WorkloadWarmup   1: 67108864 op, 898761700.00 ns, 13.3926 ns/op
WorkloadWarmup   2: 67108864 op, 898508700.00 ns, 13.3888 ns/op
WorkloadWarmup   3: 67108864 op, 898279300.00 ns, 13.3854 ns/op

// BeforeActualRun
WorkloadActual   1: 67108864 op, 898417600.00 ns, 13.3875 ns/op
WorkloadActual   2: 67108864 op, 901018000.00 ns, 13.4262 ns/op
WorkloadActual   3: 67108864 op, 903378800.00 ns, 13.4614 ns/op

// AfterActualRun
WorkloadResult   1: 67108864 op, 828153400.00 ns, 12.3404 ns/op
WorkloadResult   2: 67108864 op, 830753800.00 ns, 12.3792 ns/op
WorkloadResult   3: 67108864 op, 833114600.00 ns, 12.4144 ns/op
// GC:  0 0 0 112 67108864
// Threading:  0 0 67108864

// AfterAll
// Benchmark Process 26508 has exited with code 0.

Mean = 12.378 ns, StdErr = 0.021 ns (0.17%), N = 3, StdDev = 0.037 ns
Min = 12.340 ns, Q1 = 12.360 ns, Median = 12.379 ns, Q3 = 12.397 ns, Max = 12.414 ns
IQR = 0.037 ns, LowerFence = 12.304 ns, UpperFence = 12.452 ns
ConfidenceInterval = [11.703 ns; 13.053 ns] (CI 99.9%), Margin = 0.675 ns (5.45% of Mean)
Skewness = -0.03, Kurtosis = 0.67, MValue = 2

// ** Remained 9 (69.2%) benchmark(s) to run. Estimated finish 2026-05-01 15:43 (0h 1m from now) **
Setup power plan (GUID: 8c5e7fda-e8bf-4a96-9a85-a6e23a8c635c FriendlyName: High performance)
// **************************
// Benchmark: JulianBenchmarks.ToOrdinalDate: ShortRun(IterationCount=3, LaunchCount=1, WarmupCount=3)
// *** Execute ***
// Launch: 1 / 1
// Execute: dotnet 963e4e57-02f3-4447-b1bb-b281aef2f2eb.dll --anonymousPipes 1412 1416 --benchmarkName JulianBenchmarks.ToOrdinalDate --job ShortRun --benchmarkId 4 in D:\Projects\LongPd.Dates\LongPd.Dates.Julian.Benchmarks\bin\Release\net8.0\963e4e57-02f3-4447-b1bb-b281aef2f2eb\bin\Release\net8.0
// BeforeAnythingElse

// Benchmark Process Environment Information:
// BenchmarkDotNet v0.14.0
// Runtime=.NET 8.0.24 (8.0.2426.7010), X64 RyuJIT AVX-512F+CD+BW+DQ+VL+VBMI
// GC=Non-concurrent Workstation
// HardwareIntrinsics=AVX-512F+CD+BW+DQ+VL+VBMI,AES,BMI1,BMI2,FMA,LZCNT,PCLMUL,POPCNT,AvxVnni VectorSize=256
// Job: ShortRun(IterationCount=3, LaunchCount=1, WarmupCount=3)

OverheadJitting  1: 1 op, 172200.00 ns, 172.2000 us/op
WorkloadJitting  1: 1 op, 658400.00 ns, 658.4000 us/op

OverheadJitting  2: 16 op, 245400.00 ns, 15.3375 us/op
WorkloadJitting  2: 16 op, 263600.00 ns, 16.4750 us/op

WorkloadPilot    1: 16 op, 1100.00 ns, 68.7500 ns/op
WorkloadPilot    2: 32 op, 800.00 ns, 25.0000 ns/op
WorkloadPilot    3: 64 op, 300.00 ns, 4.6875 ns/op
WorkloadPilot    4: 128 op, 1100.00 ns, 8.5938 ns/op
WorkloadPilot    5: 256 op, 1400.00 ns, 5.4688 ns/op
WorkloadPilot    6: 512 op, 3500.00 ns, 6.8359 ns/op
WorkloadPilot    7: 1024 op, 4200.00 ns, 4.1016 ns/op
WorkloadPilot    8: 2048 op, 12300.00 ns, 6.0059 ns/op
WorkloadPilot    9: 4096 op, 15500.00 ns, 3.7842 ns/op
WorkloadPilot   10: 8192 op, 30900.00 ns, 3.7720 ns/op
WorkloadPilot   11: 16384 op, 60900.00 ns, 3.7170 ns/op
WorkloadPilot   12: 32768 op, 137700.00 ns, 4.2023 ns/op
WorkloadPilot   13: 65536 op, 243200.00 ns, 3.7109 ns/op
WorkloadPilot   14: 131072 op, 486000.00 ns, 3.7079 ns/op
WorkloadPilot   15: 262144 op, 1016500.00 ns, 3.8776 ns/op
WorkloadPilot   16: 524288 op, 1959600.00 ns, 3.7376 ns/op
WorkloadPilot   17: 1048576 op, 3918600.00 ns, 3.7371 ns/op
WorkloadPilot   18: 2097152 op, 7901300.00 ns, 3.7676 ns/op
WorkloadPilot   19: 4194304 op, 15966700.00 ns, 3.8068 ns/op
WorkloadPilot   20: 8388608 op, 31892300.00 ns, 3.8019 ns/op
WorkloadPilot   21: 16777216 op, 63817000.00 ns, 3.8038 ns/op
WorkloadPilot   22: 33554432 op, 98294900.00 ns, 2.9294 ns/op
WorkloadPilot   23: 67108864 op, 188890000.00 ns, 2.8147 ns/op
WorkloadPilot   24: 134217728 op, 377674700.00 ns, 2.8139 ns/op
WorkloadPilot   25: 268435456 op, 754731900.00 ns, 2.8116 ns/op

OverheadWarmup   1: 268435456 op, 325916100.00 ns, 1.2141 ns/op
OverheadWarmup   2: 268435456 op, 279166300.00 ns, 1.0400 ns/op
OverheadWarmup   3: 268435456 op, 279042700.00 ns, 1.0395 ns/op
OverheadWarmup   4: 268435456 op, 280641200.00 ns, 1.0455 ns/op
OverheadWarmup   5: 268435456 op, 280820100.00 ns, 1.0461 ns/op
OverheadWarmup   6: 268435456 op, 279881400.00 ns, 1.0426 ns/op
OverheadWarmup   7: 268435456 op, 280634400.00 ns, 1.0454 ns/op
OverheadWarmup   8: 268435456 op, 278983000.00 ns, 1.0393 ns/op

OverheadActual   1: 268435456 op, 278878700.00 ns, 1.0389 ns/op
OverheadActual   2: 268435456 op, 279138200.00 ns, 1.0399 ns/op
OverheadActual   3: 268435456 op, 279263100.00 ns, 1.0403 ns/op
OverheadActual   4: 268435456 op, 279272600.00 ns, 1.0404 ns/op
OverheadActual   5: 268435456 op, 279119100.00 ns, 1.0398 ns/op
OverheadActual   6: 268435456 op, 279234400.00 ns, 1.0402 ns/op
OverheadActual   7: 268435456 op, 279475300.00 ns, 1.0411 ns/op
OverheadActual   8: 268435456 op, 278702100.00 ns, 1.0382 ns/op
OverheadActual   9: 268435456 op, 278860200.00 ns, 1.0388 ns/op
OverheadActual  10: 268435456 op, 279122800.00 ns, 1.0398 ns/op
OverheadActual  11: 268435456 op, 279392200.00 ns, 1.0408 ns/op
OverheadActual  12: 268435456 op, 279879900.00 ns, 1.0426 ns/op
OverheadActual  13: 268435456 op, 279485600.00 ns, 1.0412 ns/op
OverheadActual  14: 268435456 op, 281219600.00 ns, 1.0476 ns/op
OverheadActual  15: 268435456 op, 280859400.00 ns, 1.0463 ns/op

WorkloadWarmup   1: 268435456 op, 757522800.00 ns, 2.8220 ns/op
WorkloadWarmup   2: 268435456 op, 755341600.00 ns, 2.8139 ns/op
WorkloadWarmup   3: 268435456 op, 755155100.00 ns, 2.8132 ns/op

// BeforeActualRun
WorkloadActual   1: 268435456 op, 1020440700.00 ns, 3.8014 ns/op
WorkloadActual   2: 268435456 op, 1191689000.00 ns, 4.4394 ns/op
WorkloadActual   3: 268435456 op, 1213013500.00 ns, 4.5188 ns/op

// AfterActualRun
WorkloadResult   1: 268435456 op, 741177600.00 ns, 2.7611 ns/op
WorkloadResult   2: 268435456 op, 912425900.00 ns, 3.3991 ns/op
WorkloadResult   3: 268435456 op, 933750400.00 ns, 3.4785 ns/op
// GC:  0 0 0 400 268435456
// Threading:  0 0 268435456

// AfterAll
// Benchmark Process 29196 has exited with code 0.

Mean = 3.213 ns, StdErr = 0.227 ns (7.07%), N = 3, StdDev = 0.393 ns
Min = 2.761 ns, Q1 = 3.080 ns, Median = 3.399 ns, Q3 = 3.439 ns, Max = 3.478 ns
IQR = 0.359 ns, LowerFence = 2.542 ns, UpperFence = 3.977 ns
ConfidenceInterval = [-3.962 ns; 10.387 ns] (CI 99.9%), Margin = 7.175 ns (223.31% of Mean)
Skewness = -0.37, Kurtosis = 0.67, MValue = 2

// ** Remained 8 (61.5%) benchmark(s) to run. Estimated finish 2026-05-01 15:43 (0h 1m from now) **
Setup power plan (GUID: 8c5e7fda-e8bf-4a96-9a85-a6e23a8c635c FriendlyName: High performance)
// **************************
// Benchmark: JulianBenchmarks.FromOrdinalDate: ShortRun(IterationCount=3, LaunchCount=1, WarmupCount=3)
// *** Execute ***
// Launch: 1 / 1
// Execute: dotnet 963e4e57-02f3-4447-b1bb-b281aef2f2eb.dll --anonymousPipes 1872 1904 --benchmarkName JulianBenchmarks.FromOrdinalDate --job ShortRun --benchmarkId 5 in D:\Projects\LongPd.Dates\LongPd.Dates.Julian.Benchmarks\bin\Release\net8.0\963e4e57-02f3-4447-b1bb-b281aef2f2eb\bin\Release\net8.0
// BeforeAnythingElse

// Benchmark Process Environment Information:
// BenchmarkDotNet v0.14.0
// Runtime=.NET 8.0.24 (8.0.2426.7010), X64 RyuJIT AVX-512F+CD+BW+DQ+VL+VBMI
// GC=Non-concurrent Workstation
// HardwareIntrinsics=AVX-512F+CD+BW+DQ+VL+VBMI,AES,BMI1,BMI2,FMA,LZCNT,PCLMUL,POPCNT,AvxVnni VectorSize=256
// Job: ShortRun(IterationCount=3, LaunchCount=1, WarmupCount=3)

OverheadJitting  1: 1 op, 162800.00 ns, 162.8000 us/op
WorkloadJitting  1: 1 op, 678000.00 ns, 678.0000 us/op

OverheadJitting  2: 16 op, 134900.00 ns, 8.4313 us/op
WorkloadJitting  2: 16 op, 174000.00 ns, 10.8750 us/op

WorkloadPilot    1: 16 op, 2200.00 ns, 137.5000 ns/op
WorkloadPilot    2: 32 op, 600.00 ns, 18.7500 ns/op
WorkloadPilot    3: 64 op, 500.00 ns, 7.8125 ns/op
WorkloadPilot    4: 128 op, 900.00 ns, 7.0313 ns/op
WorkloadPilot    5: 256 op, 1700.00 ns, 6.6406 ns/op
WorkloadPilot    6: 512 op, 3500.00 ns, 6.8359 ns/op
WorkloadPilot    7: 1024 op, 6700.00 ns, 6.5430 ns/op
WorkloadPilot    8: 2048 op, 42000.00 ns, 20.5078 ns/op
WorkloadPilot    9: 4096 op, 27200.00 ns, 6.6406 ns/op
WorkloadPilot   10: 8192 op, 52200.00 ns, 6.3721 ns/op
WorkloadPilot   11: 16384 op, 106200.00 ns, 6.4819 ns/op
WorkloadPilot   12: 32768 op, 235400.00 ns, 7.1838 ns/op
WorkloadPilot   13: 65536 op, 424300.00 ns, 6.4743 ns/op
WorkloadPilot   14: 131072 op, 844600.00 ns, 6.4438 ns/op
WorkloadPilot   15: 262144 op, 1699300.00 ns, 6.4823 ns/op
WorkloadPilot   16: 524288 op, 4157700.00 ns, 7.9302 ns/op
WorkloadPilot   17: 1048576 op, 7074600.00 ns, 6.7469 ns/op
WorkloadPilot   18: 2097152 op, 13964400.00 ns, 6.6587 ns/op
WorkloadPilot   19: 4194304 op, 28087700.00 ns, 6.6966 ns/op
WorkloadPilot   20: 8388608 op, 56004500.00 ns, 6.6763 ns/op
WorkloadPilot   21: 16777216 op, 73148100.00 ns, 4.3600 ns/op
WorkloadPilot   22: 33554432 op, 105019200.00 ns, 3.1298 ns/op
WorkloadPilot   23: 67108864 op, 211165400.00 ns, 3.1466 ns/op
WorkloadPilot   24: 134217728 op, 431606900.00 ns, 3.2157 ns/op
WorkloadPilot   25: 268435456 op, 886397600.00 ns, 3.3021 ns/op

OverheadWarmup   1: 268435456 op, 343370400.00 ns, 1.2792 ns/op
OverheadWarmup   2: 268435456 op, 327648800.00 ns, 1.2206 ns/op
OverheadWarmup   3: 268435456 op, 275514400.00 ns, 1.0264 ns/op
OverheadWarmup   4: 268435456 op, 361738700.00 ns, 1.3476 ns/op
OverheadWarmup   5: 268435456 op, 429235700.00 ns, 1.5990 ns/op
OverheadWarmup   6: 268435456 op, 436574600.00 ns, 1.6264 ns/op
OverheadWarmup   7: 268435456 op, 404691400.00 ns, 1.5076 ns/op
OverheadWarmup   8: 268435456 op, 444526700.00 ns, 1.6560 ns/op
OverheadWarmup   9: 268435456 op, 407305300.00 ns, 1.5173 ns/op

OverheadActual   1: 268435456 op, 413298900.00 ns, 1.5397 ns/op
OverheadActual   2: 268435456 op, 444300000.00 ns, 1.6551 ns/op
OverheadActual   3: 268435456 op, 414100200.00 ns, 1.5426 ns/op
OverheadActual   4: 268435456 op, 427388300.00 ns, 1.5921 ns/op
OverheadActual   5: 268435456 op, 484988500.00 ns, 1.8067 ns/op
OverheadActual   6: 268435456 op, 430513900.00 ns, 1.6038 ns/op
OverheadActual   7: 268435456 op, 466435400.00 ns, 1.7376 ns/op
OverheadActual   8: 268435456 op, 451983300.00 ns, 1.6838 ns/op
OverheadActual   9: 268435456 op, 428302300.00 ns, 1.5956 ns/op
OverheadActual  10: 268435456 op, 455931900.00 ns, 1.6985 ns/op
OverheadActual  11: 268435456 op, 414723400.00 ns, 1.5450 ns/op
OverheadActual  12: 268435456 op, 456909400.00 ns, 1.7021 ns/op
OverheadActual  13: 268435456 op, 457151000.00 ns, 1.7030 ns/op
OverheadActual  14: 268435456 op, 440568500.00 ns, 1.6412 ns/op
OverheadActual  15: 268435456 op, 454598800.00 ns, 1.6935 ns/op
OverheadActual  16: 268435456 op, 428805200.00 ns, 1.5974 ns/op

WorkloadWarmup   1: 268435456 op, 1361444600.00 ns, 5.0718 ns/op
WorkloadWarmup   2: 268435456 op, 1378965800.00 ns, 5.1370 ns/op
WorkloadWarmup   3: 268435456 op, 1369266200.00 ns, 5.1009 ns/op

// BeforeActualRun
WorkloadActual   1: 268435456 op, 831038700.00 ns, 3.0959 ns/op
WorkloadActual   2: 268435456 op, 852718000.00 ns, 3.1766 ns/op
WorkloadActual   3: 268435456 op, 830698100.00 ns, 3.0946 ns/op

// AfterActualRun
WorkloadResult   1: 268435456 op, 388604450.00 ns, 1.4477 ns/op
WorkloadResult   2: 268435456 op, 410283750.00 ns, 1.5284 ns/op
WorkloadResult   3: 268435456 op, 388263850.00 ns, 1.4464 ns/op
// GC:  0 0 0 400 268435456
// Threading:  0 0 268435456

// AfterAll
// Benchmark Process 33444 has exited with code 0.

Mean = 1.474 ns, StdErr = 0.027 ns (1.84%), N = 3, StdDev = 0.047 ns
Min = 1.446 ns, Q1 = 1.447 ns, Median = 1.448 ns, Q3 = 1.488 ns, Max = 1.528 ns
IQR = 0.041 ns, LowerFence = 1.386 ns, UpperFence = 1.550 ns
ConfidenceInterval = [0.617 ns; 2.332 ns] (CI 99.9%), Margin = 0.857 ns (58.16% of Mean)
Skewness = 0.38, Kurtosis = 0.67, MValue = 2

// ** Remained 7 (53.8%) benchmark(s) to run. Estimated finish 2026-05-01 15:44 (0h 1m from now) **
Setup power plan (GUID: 8c5e7fda-e8bf-4a96-9a85-a6e23a8c635c FriendlyName: High performance)
// **************************
// Benchmark: JulianBenchmarks.ToVietnameseLunar: ShortRun(IterationCount=3, LaunchCount=1, WarmupCount=3)
// *** Execute ***
// Launch: 1 / 1
// Execute: dotnet 963e4e57-02f3-4447-b1bb-b281aef2f2eb.dll --anonymousPipes 1868 1876 --benchmarkName JulianBenchmarks.ToVietnameseLunar --job ShortRun --benchmarkId 6 in D:\Projects\LongPd.Dates\LongPd.Dates.Julian.Benchmarks\bin\Release\net8.0\963e4e57-02f3-4447-b1bb-b281aef2f2eb\bin\Release\net8.0
// BeforeAnythingElse

// Benchmark Process Environment Information:
// BenchmarkDotNet v0.14.0
// Runtime=.NET 8.0.24 (8.0.2426.7010), X64 RyuJIT AVX-512F+CD+BW+DQ+VL+VBMI
// GC=Non-concurrent Workstation
// HardwareIntrinsics=AVX-512F+CD+BW+DQ+VL+VBMI,AES,BMI1,BMI2,FMA,LZCNT,PCLMUL,POPCNT,AvxVnni VectorSize=256
// Job: ShortRun(IterationCount=3, LaunchCount=1, WarmupCount=3)

OverheadJitting  1: 1 op, 163200.00 ns, 163.2000 us/op
WorkloadJitting  1: 1 op, 596700.00 ns, 596.7000 us/op

OverheadJitting  2: 16 op, 139300.00 ns, 8.7063 us/op
WorkloadJitting  2: 16 op, 186400.00 ns, 11.6500 us/op

WorkloadPilot    1: 16 op, 32000.00 ns, 2.0000 us/op
WorkloadPilot    2: 32 op, 71900.00 ns, 2.2469 us/op
WorkloadPilot    3: 64 op, 170700.00 ns, 2.6672 us/op
WorkloadPilot    4: 128 op, 226800.00 ns, 1.7719 us/op
WorkloadPilot    5: 256 op, 464200.00 ns, 1.8133 us/op
WorkloadPilot    6: 512 op, 896900.00 ns, 1.7518 us/op
WorkloadPilot    7: 1024 op, 1809000.00 ns, 1.7666 us/op
WorkloadPilot    8: 2048 op, 3556100.00 ns, 1.7364 us/op
WorkloadPilot    9: 4096 op, 7121900.00 ns, 1.7387 us/op
WorkloadPilot   10: 8192 op, 14252200.00 ns, 1.7398 us/op
WorkloadPilot   11: 16384 op, 28480900.00 ns, 1.7383 us/op
WorkloadPilot   12: 32768 op, 56766200.00 ns, 1.7324 us/op
WorkloadPilot   13: 65536 op, 100271900.00 ns, 1.5300 us/op
WorkloadPilot   14: 131072 op, 187772800.00 ns, 1.4326 us/op
WorkloadPilot   15: 262144 op, 376114100.00 ns, 1.4348 us/op
WorkloadPilot   16: 524288 op, 750981100.00 ns, 1.4324 us/op

OverheadWarmup   1: 524288 op, 651600.00 ns, 1.2428 ns/op
OverheadWarmup   2: 524288 op, 670400.00 ns, 1.2787 ns/op
OverheadWarmup   3: 524288 op, 659000.00 ns, 1.2569 ns/op
OverheadWarmup   4: 524288 op, 650900.00 ns, 1.2415 ns/op
OverheadWarmup   5: 524288 op, 650400.00 ns, 1.2405 ns/op
OverheadWarmup   6: 524288 op, 648000.00 ns, 1.2360 ns/op
OverheadWarmup   7: 524288 op, 647500.00 ns, 1.2350 ns/op
OverheadWarmup   8: 524288 op, 647000.00 ns, 1.2341 ns/op
OverheadWarmup   9: 524288 op, 667500.00 ns, 1.2732 ns/op
OverheadWarmup  10: 524288 op, 648600.00 ns, 1.2371 ns/op

OverheadActual   1: 524288 op, 648900.00 ns, 1.2377 ns/op
OverheadActual   2: 524288 op, 648000.00 ns, 1.2360 ns/op
OverheadActual   3: 524288 op, 1413200.00 ns, 2.6955 ns/op
OverheadActual   4: 524288 op, 774600.00 ns, 1.4774 ns/op
OverheadActual   5: 524288 op, 645700.00 ns, 1.2316 ns/op
OverheadActual   6: 524288 op, 644700.00 ns, 1.2297 ns/op
OverheadActual   7: 524288 op, 644700.00 ns, 1.2297 ns/op
OverheadActual   8: 524288 op, 646200.00 ns, 1.2325 ns/op
OverheadActual   9: 524288 op, 1022400.00 ns, 1.9501 ns/op
OverheadActual  10: 524288 op, 645800.00 ns, 1.2318 ns/op
OverheadActual  11: 524288 op, 645000.00 ns, 1.2302 ns/op
OverheadActual  12: 524288 op, 853700.00 ns, 1.6283 ns/op
OverheadActual  13: 524288 op, 956500.00 ns, 1.8244 ns/op
OverheadActual  14: 524288 op, 643300.00 ns, 1.2270 ns/op
OverheadActual  15: 524288 op, 643200.00 ns, 1.2268 ns/op
OverheadActual  16: 524288 op, 642700.00 ns, 1.2259 ns/op
OverheadActual  17: 524288 op, 642600.00 ns, 1.2257 ns/op
OverheadActual  18: 524288 op, 706000.00 ns, 1.3466 ns/op
OverheadActual  19: 524288 op, 642400.00 ns, 1.2253 ns/op
OverheadActual  20: 524288 op, 640700.00 ns, 1.2220 ns/op

WorkloadWarmup   1: 524288 op, 762927100.00 ns, 1.4552 us/op
WorkloadWarmup   2: 524288 op, 751800300.00 ns, 1.4339 us/op
WorkloadWarmup   3: 524288 op, 750680100.00 ns, 1.4318 us/op

// BeforeActualRun
WorkloadActual   1: 524288 op, 751222000.00 ns, 1.4328 us/op
WorkloadActual   2: 524288 op, 750046100.00 ns, 1.4306 us/op
WorkloadActual   3: 524288 op, 749992900.00 ns, 1.4305 us/op

// AfterActualRun
WorkloadResult   1: 524288 op, 750576250.00 ns, 1.4316 us/op
WorkloadResult   2: 524288 op, 749400350.00 ns, 1.4294 us/op
WorkloadResult   3: 524288 op, 749347150.00 ns, 1.4293 us/op
// GC:  0 0 0 400 524288
// Threading:  0 0 524288

// AfterAll
// Benchmark Process 33164 has exited with code 0.

Mean = 1.430 μs, StdErr = 0.001 μs (0.05%), N = 3, StdDev = 0.001 μs
Min = 1.429 μs, Q1 = 1.429 μs, Median = 1.429 μs, Q3 = 1.430 μs, Max = 1.432 μs
IQR = 0.001 μs, LowerFence = 1.428 μs, UpperFence = 1.432 μs
ConfidenceInterval = [1.406 μs; 1.454 μs] (CI 99.9%), Margin = 0.024 μs (1.69% of Mean)
Skewness = 0.38, Kurtosis = 0.67, MValue = 2

// ** Remained 6 (46.2%) benchmark(s) to run. Estimated finish 2026-05-01 15:43 (0h 1m from now) **
Setup power plan (GUID: 8c5e7fda-e8bf-4a96-9a85-a6e23a8c635c FriendlyName: High performance)
// **************************
// Benchmark: JulianBenchmarks.FromVietnameseLunar: ShortRun(IterationCount=3, LaunchCount=1, WarmupCount=3)
// *** Execute ***
// Launch: 1 / 1
// Execute: dotnet 963e4e57-02f3-4447-b1bb-b281aef2f2eb.dll --anonymousPipes 1796 1696 --benchmarkName JulianBenchmarks.FromVietnameseLunar --job ShortRun --benchmarkId 7 in D:\Projects\LongPd.Dates\LongPd.Dates.Julian.Benchmarks\bin\Release\net8.0\963e4e57-02f3-4447-b1bb-b281aef2f2eb\bin\Release\net8.0
// BeforeAnythingElse

// Benchmark Process Environment Information:
// BenchmarkDotNet v0.14.0
// Runtime=.NET 8.0.24 (8.0.2426.7010), X64 RyuJIT AVX-512F+CD+BW+DQ+VL+VBMI
// GC=Non-concurrent Workstation
// HardwareIntrinsics=AVX-512F+CD+BW+DQ+VL+VBMI,AES,BMI1,BMI2,FMA,LZCNT,PCLMUL,POPCNT,AvxVnni VectorSize=256
// Job: ShortRun(IterationCount=3, LaunchCount=1, WarmupCount=3)

OverheadJitting  1: 1 op, 173400.00 ns, 173.4000 us/op
WorkloadJitting  1: 1 op, 1454900.00 ns, 1.4549 ms/op

OverheadJitting  2: 16 op, 156100.00 ns, 9.7563 us/op
WorkloadJitting  2: 16 op, 158600.00 ns, 9.9125 us/op

WorkloadPilot    1: 16 op, 29600.00 ns, 1.8500 us/op
WorkloadPilot    2: 32 op, 54300.00 ns, 1.6969 us/op
WorkloadPilot    3: 64 op, 113700.00 ns, 1.7766 us/op
WorkloadPilot    4: 128 op, 226700.00 ns, 1.7711 us/op
WorkloadPilot    5: 256 op, 429100.00 ns, 1.6762 us/op
WorkloadPilot    6: 512 op, 861200.00 ns, 1.6820 us/op
WorkloadPilot    7: 1024 op, 1701300.00 ns, 1.6614 us/op
WorkloadPilot    8: 2048 op, 3414000.00 ns, 1.6670 us/op
WorkloadPilot    9: 4096 op, 7449700.00 ns, 1.8188 us/op
WorkloadPilot   10: 8192 op, 13693400.00 ns, 1.6716 us/op
WorkloadPilot   11: 16384 op, 27263800.00 ns, 1.6641 us/op
WorkloadPilot   12: 32768 op, 54460400.00 ns, 1.6620 us/op
WorkloadPilot   13: 65536 op, 99022900.00 ns, 1.5110 us/op
WorkloadPilot   14: 131072 op, 181763100.00 ns, 1.3867 us/op
WorkloadPilot   15: 262144 op, 359948600.00 ns, 1.3731 us/op
WorkloadPilot   16: 524288 op, 726801400.00 ns, 1.3863 us/op

OverheadWarmup   1: 524288 op, 657000.00 ns, 1.2531 ns/op
OverheadWarmup   2: 524288 op, 1214200.00 ns, 2.3159 ns/op
OverheadWarmup   3: 524288 op, 656300.00 ns, 1.2518 ns/op
OverheadWarmup   4: 524288 op, 652200.00 ns, 1.2440 ns/op
OverheadWarmup   5: 524288 op, 654000.00 ns, 1.2474 ns/op
OverheadWarmup   6: 524288 op, 644700.00 ns, 1.2297 ns/op

OverheadActual   1: 524288 op, 849300.00 ns, 1.6199 ns/op
OverheadActual   2: 524288 op, 660000.00 ns, 1.2589 ns/op
OverheadActual   3: 524288 op, 644600.00 ns, 1.2295 ns/op
OverheadActual   4: 524288 op, 658400.00 ns, 1.2558 ns/op
OverheadActual   5: 524288 op, 660300.00 ns, 1.2594 ns/op
OverheadActual   6: 524288 op, 644600.00 ns, 1.2295 ns/op
OverheadActual   7: 524288 op, 647300.00 ns, 1.2346 ns/op
OverheadActual   8: 524288 op, 659900.00 ns, 1.2587 ns/op
OverheadActual   9: 524288 op, 960900.00 ns, 1.8328 ns/op
OverheadActual  10: 524288 op, 647300.00 ns, 1.2346 ns/op
OverheadActual  11: 524288 op, 647400.00 ns, 1.2348 ns/op
OverheadActual  12: 524288 op, 700800.00 ns, 1.3367 ns/op
OverheadActual  13: 524288 op, 656900.00 ns, 1.2529 ns/op
OverheadActual  14: 524288 op, 962100.00 ns, 1.8351 ns/op
OverheadActual  15: 524288 op, 646700.00 ns, 1.2335 ns/op

WorkloadWarmup   1: 524288 op, 721765800.00 ns, 1.3767 us/op
WorkloadWarmup   2: 524288 op, 719679800.00 ns, 1.3727 us/op
WorkloadWarmup   3: 524288 op, 719846800.00 ns, 1.3730 us/op

// BeforeActualRun
WorkloadActual   1: 524288 op, 719348000.00 ns, 1.3720 us/op
WorkloadActual   2: 524288 op, 722946500.00 ns, 1.3789 us/op
WorkloadActual   3: 524288 op, 721675800.00 ns, 1.3765 us/op

// AfterActualRun
WorkloadResult   1: 524288 op, 718689600.00 ns, 1.3708 us/op
WorkloadResult   2: 524288 op, 722288100.00 ns, 1.3777 us/op
WorkloadResult   3: 524288 op, 721017400.00 ns, 1.3752 us/op
// GC:  0 0 0 400 524288
// Threading:  0 0 524288

// AfterAll
// Benchmark Process 20948 has exited with code 0.

Mean = 1.375 μs, StdErr = 0.002 μs (0.15%), N = 3, StdDev = 0.003 μs
Min = 1.371 μs, Q1 = 1.373 μs, Median = 1.375 μs, Q3 = 1.376 μs, Max = 1.378 μs
IQR = 0.003 μs, LowerFence = 1.368 μs, UpperFence = 1.382 μs
ConfidenceInterval = [1.311 μs; 1.438 μs] (CI 99.9%), Margin = 0.064 μs (4.62% of Mean)
Skewness = -0.19, Kurtosis = 0.67, MValue = 2

// ** Remained 5 (38.5%) benchmark(s) to run. Estimated finish 2026-05-01 15:43 (0h 0m from now) **
Setup power plan (GUID: 8c5e7fda-e8bf-4a96-9a85-a6e23a8c635c FriendlyName: High performance)
// **************************
// Benchmark: JulianBenchmarks.GetSolarTerm: ShortRun(IterationCount=3, LaunchCount=1, WarmupCount=3)
// *** Execute ***
// Launch: 1 / 1
// Execute: dotnet 963e4e57-02f3-4447-b1bb-b281aef2f2eb.dll --anonymousPipes 1956 1952 --benchmarkName JulianBenchmarks.GetSolarTerm --job ShortRun --benchmarkId 8 in D:\Projects\LongPd.Dates\LongPd.Dates.Julian.Benchmarks\bin\Release\net8.0\963e4e57-02f3-4447-b1bb-b281aef2f2eb\bin\Release\net8.0
// BeforeAnythingElse

// Benchmark Process Environment Information:
// BenchmarkDotNet v0.14.0
// Runtime=.NET 8.0.24 (8.0.2426.7010), X64 RyuJIT AVX-512F+CD+BW+DQ+VL+VBMI
// GC=Non-concurrent Workstation
// HardwareIntrinsics=AVX-512F+CD+BW+DQ+VL+VBMI,AES,BMI1,BMI2,FMA,LZCNT,PCLMUL,POPCNT,AvxVnni VectorSize=256
// Job: ShortRun(IterationCount=3, LaunchCount=1, WarmupCount=3)

OverheadJitting  1: 1 op, 273300.00 ns, 273.3000 us/op
WorkloadJitting  1: 1 op, 1970300.00 ns, 1.9703 ms/op

OverheadJitting  2: 16 op, 258400.00 ns, 16.1500 us/op
WorkloadJitting  2: 16 op, 252700.00 ns, 15.7938 us/op

WorkloadPilot    1: 16 op, 3800.00 ns, 237.5000 ns/op
WorkloadPilot    2: 32 op, 2600.00 ns, 81.2500 ns/op
WorkloadPilot    3: 64 op, 4200.00 ns, 65.6250 ns/op
WorkloadPilot    4: 128 op, 6600.00 ns, 51.5625 ns/op
WorkloadPilot    5: 256 op, 13900.00 ns, 54.2969 ns/op
WorkloadPilot    6: 512 op, 25600.00 ns, 50.0000 ns/op
WorkloadPilot    7: 1024 op, 76500.00 ns, 74.7070 ns/op
WorkloadPilot    8: 2048 op, 101400.00 ns, 49.5117 ns/op
WorkloadPilot    9: 4096 op, 228900.00 ns, 55.8838 ns/op
WorkloadPilot   10: 8192 op, 570400.00 ns, 69.6289 ns/op
WorkloadPilot   11: 16384 op, 929400.00 ns, 56.7261 ns/op
WorkloadPilot   12: 32768 op, 2161500.00 ns, 65.9637 ns/op
WorkloadPilot   13: 65536 op, 3178900.00 ns, 48.5062 ns/op
WorkloadPilot   14: 131072 op, 6505500.00 ns, 49.6330 ns/op
WorkloadPilot   15: 262144 op, 12990900.00 ns, 49.5564 ns/op
WorkloadPilot   16: 524288 op, 25690700.00 ns, 49.0011 ns/op
WorkloadPilot   17: 1048576 op, 51479000.00 ns, 49.0942 ns/op
WorkloadPilot   18: 2097152 op, 90731700.00 ns, 43.2642 ns/op
WorkloadPilot   19: 4194304 op, 156338300.00 ns, 37.2740 ns/op
WorkloadPilot   20: 8388608 op, 313485500.00 ns, 37.3704 ns/op
WorkloadPilot   21: 16777216 op, 625910400.00 ns, 37.3072 ns/op

OverheadWarmup   1: 16777216 op, 21000800.00 ns, 1.2517 ns/op
OverheadWarmup   2: 16777216 op, 21071600.00 ns, 1.2560 ns/op
OverheadWarmup   3: 16777216 op, 21065100.00 ns, 1.2556 ns/op
OverheadWarmup   4: 16777216 op, 21075900.00 ns, 1.2562 ns/op
OverheadWarmup   5: 16777216 op, 21112900.00 ns, 1.2584 ns/op
OverheadWarmup   6: 16777216 op, 21100000.00 ns, 1.2577 ns/op

OverheadActual   1: 16777216 op, 21096400.00 ns, 1.2574 ns/op
OverheadActual   2: 16777216 op, 21120800.00 ns, 1.2589 ns/op
OverheadActual   3: 16777216 op, 21049000.00 ns, 1.2546 ns/op
OverheadActual   4: 16777216 op, 21121800.00 ns, 1.2590 ns/op
OverheadActual   5: 16777216 op, 21129600.00 ns, 1.2594 ns/op
OverheadActual   6: 16777216 op, 21127700.00 ns, 1.2593 ns/op
OverheadActual   7: 16777216 op, 21100400.00 ns, 1.2577 ns/op
OverheadActual   8: 16777216 op, 21122100.00 ns, 1.2590 ns/op
OverheadActual   9: 16777216 op, 21062200.00 ns, 1.2554 ns/op
OverheadActual  10: 16777216 op, 21048300.00 ns, 1.2546 ns/op
OverheadActual  11: 16777216 op, 21119600.00 ns, 1.2588 ns/op
OverheadActual  12: 16777216 op, 21067700.00 ns, 1.2557 ns/op
OverheadActual  13: 16777216 op, 21051500.00 ns, 1.2548 ns/op
OverheadActual  14: 16777216 op, 22785700.00 ns, 1.3581 ns/op
OverheadActual  15: 16777216 op, 17449500.00 ns, 1.0401 ns/op
OverheadActual  16: 16777216 op, 17771900.00 ns, 1.0593 ns/op
OverheadActual  17: 16777216 op, 17487500.00 ns, 1.0423 ns/op
OverheadActual  18: 16777216 op, 17646200.00 ns, 1.0518 ns/op
OverheadActual  19: 16777216 op, 17475300.00 ns, 1.0416 ns/op
OverheadActual  20: 16777216 op, 17998200.00 ns, 1.0728 ns/op

WorkloadWarmup   1: 16777216 op, 626471200.00 ns, 37.3406 ns/op
WorkloadWarmup   2: 16777216 op, 630574600.00 ns, 37.5852 ns/op
WorkloadWarmup   3: 16777216 op, 627808900.00 ns, 37.4203 ns/op

// BeforeActualRun
WorkloadActual   1: 16777216 op, 626488500.00 ns, 37.3416 ns/op
WorkloadActual   2: 16777216 op, 626376700.00 ns, 37.3350 ns/op
WorkloadActual   3: 16777216 op, 626305000.00 ns, 37.3307 ns/op

// AfterActualRun
WorkloadResult   1: 16777216 op, 605423550.00 ns, 36.0861 ns/op
WorkloadResult   2: 16777216 op, 605311750.00 ns, 36.0794 ns/op
WorkloadResult   3: 16777216 op, 605240050.00 ns, 36.0751 ns/op
// GC:  0 0 0 400 16777216
// Threading:  0 0 16777216

// AfterAll
// Benchmark Process 32416 has exited with code 0.

Mean = 36.080 ns, StdErr = 0.003 ns (0.01%), N = 3, StdDev = 0.006 ns
Min = 36.075 ns, Q1 = 36.077 ns, Median = 36.079 ns, Q3 = 36.083 ns, Max = 36.086 ns
IQR = 0.005 ns, LowerFence = 36.069 ns, UpperFence = 36.091 ns
ConfidenceInterval = [35.980 ns; 36.181 ns] (CI 99.9%), Margin = 0.101 ns (0.28% of Mean)
Skewness = 0.14, Kurtosis = 0.67, MValue = 2

// ** Remained 4 (30.8%) benchmark(s) to run. Estimated finish 2026-05-01 15:43 (0h 0m from now) **
Setup power plan (GUID: 8c5e7fda-e8bf-4a96-9a85-a6e23a8c635c FriendlyName: High performance)
// **************************
// Benchmark: JulianBenchmarks.GetSolarTermName: ShortRun(IterationCount=3, LaunchCount=1, WarmupCount=3)
// *** Execute ***
// Launch: 1 / 1
// Execute: dotnet 963e4e57-02f3-4447-b1bb-b281aef2f2eb.dll --anonymousPipes 1888 1664 --benchmarkName JulianBenchmarks.GetSolarTermName --job ShortRun --benchmarkId 9 in D:\Projects\LongPd.Dates\LongPd.Dates.Julian.Benchmarks\bin\Release\net8.0\963e4e57-02f3-4447-b1bb-b281aef2f2eb\bin\Release\net8.0
// BeforeAnythingElse

// Benchmark Process Environment Information:
// BenchmarkDotNet v0.14.0
// Runtime=.NET 8.0.24 (8.0.2426.7010), X64 RyuJIT AVX-512F+CD+BW+DQ+VL+VBMI
// GC=Non-concurrent Workstation
// HardwareIntrinsics=AVX-512F+CD+BW+DQ+VL+VBMI,AES,BMI1,BMI2,FMA,LZCNT,PCLMUL,POPCNT,AvxVnni VectorSize=256
// Job: ShortRun(IterationCount=3, LaunchCount=1, WarmupCount=3)

OverheadJitting  1: 1 op, 176900.00 ns, 176.9000 us/op
WorkloadJitting  1: 1 op, 932200.00 ns, 932.2000 us/op

OverheadJitting  2: 16 op, 297200.00 ns, 18.5750 us/op
WorkloadJitting  2: 16 op, 300700.00 ns, 18.7938 us/op

WorkloadPilot    1: 16 op, 3400.00 ns, 212.5000 ns/op
WorkloadPilot    2: 32 op, 2600.00 ns, 81.2500 ns/op
WorkloadPilot    3: 64 op, 4300.00 ns, 67.1875 ns/op
WorkloadPilot    4: 128 op, 8300.00 ns, 64.8438 ns/op
WorkloadPilot    5: 256 op, 17500.00 ns, 68.3594 ns/op
WorkloadPilot    6: 512 op, 33800.00 ns, 66.0156 ns/op
WorkloadPilot    7: 1024 op, 65800.00 ns, 64.2578 ns/op
WorkloadPilot    8: 2048 op, 131000.00 ns, 63.9648 ns/op
WorkloadPilot    9: 4096 op, 649000.00 ns, 158.4473 ns/op
WorkloadPilot   10: 8192 op, 542200.00 ns, 66.1865 ns/op
WorkloadPilot   11: 16384 op, 1044600.00 ns, 63.7573 ns/op
WorkloadPilot   12: 32768 op, 2108900.00 ns, 64.3585 ns/op
WorkloadPilot   13: 65536 op, 4212300.00 ns, 64.2746 ns/op
WorkloadPilot   14: 131072 op, 8394300.00 ns, 64.0434 ns/op
WorkloadPilot   15: 262144 op, 17171900.00 ns, 65.5056 ns/op
WorkloadPilot   16: 524288 op, 33639700.00 ns, 64.1626 ns/op
WorkloadPilot   17: 1048576 op, 67230500.00 ns, 64.1160 ns/op
WorkloadPilot   18: 2097152 op, 91631200.00 ns, 43.6932 ns/op
WorkloadPilot   19: 4194304 op, 167256800.00 ns, 39.8771 ns/op
WorkloadPilot   20: 8388608 op, 333605100.00 ns, 39.7688 ns/op
WorkloadPilot   21: 16777216 op, 669487000.00 ns, 39.9045 ns/op

OverheadWarmup   1: 16777216 op, 34880100.00 ns, 2.0790 ns/op
OverheadWarmup   2: 16777216 op, 35131500.00 ns, 2.0940 ns/op
OverheadWarmup   3: 16777216 op, 36354500.00 ns, 2.1669 ns/op
OverheadWarmup   4: 16777216 op, 34913600.00 ns, 2.0810 ns/op
OverheadWarmup   5: 16777216 op, 34830000.00 ns, 2.0760 ns/op
OverheadWarmup   6: 16777216 op, 34685500.00 ns, 2.0674 ns/op
OverheadWarmup   7: 16777216 op, 34645000.00 ns, 2.0650 ns/op
OverheadWarmup   8: 16777216 op, 34758300.00 ns, 2.0718 ns/op
OverheadWarmup   9: 16777216 op, 35337900.00 ns, 2.1063 ns/op
OverheadWarmup  10: 16777216 op, 31393000.00 ns, 1.8712 ns/op

OverheadActual   1: 16777216 op, 31394800.00 ns, 1.8713 ns/op
OverheadActual   2: 16777216 op, 31647700.00 ns, 1.8863 ns/op
OverheadActual   3: 16777216 op, 31222900.00 ns, 1.8610 ns/op
OverheadActual   4: 16777216 op, 31253000.00 ns, 1.8628 ns/op
OverheadActual   5: 16777216 op, 31353300.00 ns, 1.8688 ns/op
OverheadActual   6: 16777216 op, 31322600.00 ns, 1.8670 ns/op
OverheadActual   7: 16777216 op, 31210800.00 ns, 1.8603 ns/op
OverheadActual   8: 16777216 op, 31279900.00 ns, 1.8644 ns/op
OverheadActual   9: 16777216 op, 31129600.00 ns, 1.8555 ns/op
OverheadActual  10: 16777216 op, 31115400.00 ns, 1.8546 ns/op
OverheadActual  11: 16777216 op, 31169500.00 ns, 1.8578 ns/op
OverheadActual  12: 16777216 op, 31117300.00 ns, 1.8547 ns/op
OverheadActual  13: 16777216 op, 31112000.00 ns, 1.8544 ns/op
OverheadActual  14: 16777216 op, 31087800.00 ns, 1.8530 ns/op
OverheadActual  15: 16777216 op, 31105100.00 ns, 1.8540 ns/op

WorkloadWarmup   1: 16777216 op, 669297700.00 ns, 39.8933 ns/op
WorkloadWarmup   2: 16777216 op, 668140800.00 ns, 39.8243 ns/op
WorkloadWarmup   3: 16777216 op, 667357000.00 ns, 39.7776 ns/op

// BeforeActualRun
WorkloadActual   1: 16777216 op, 668520600.00 ns, 39.8469 ns/op
WorkloadActual   2: 16777216 op, 668128000.00 ns, 39.8235 ns/op
WorkloadActual   3: 16777216 op, 669979100.00 ns, 39.9339 ns/op

// AfterActualRun
WorkloadResult   1: 16777216 op, 637309800.00 ns, 37.9866 ns/op
WorkloadResult   2: 16777216 op, 636917200.00 ns, 37.9632 ns/op
WorkloadResult   3: 16777216 op, 638768300.00 ns, 38.0736 ns/op
// GC:  0 0 0 400 16777216
// Threading:  0 0 16777216

// AfterAll
// Benchmark Process 12076 has exited with code 0.

Mean = 38.008 ns, StdErr = 0.034 ns (0.09%), N = 3, StdDev = 0.058 ns
Min = 37.963 ns, Q1 = 37.975 ns, Median = 37.987 ns, Q3 = 38.030 ns, Max = 38.074 ns
IQR = 0.055 ns, LowerFence = 37.892 ns, UpperFence = 38.113 ns
ConfidenceInterval = [36.947 ns; 39.068 ns] (CI 99.9%), Margin = 1.061 ns (2.79% of Mean)
Skewness = 0.32, Kurtosis = 0.67, MValue = 2

// ** Remained 3 (23.1%) benchmark(s) to run. Estimated finish 2026-05-01 15:43 (0h 0m from now) **
Setup power plan (GUID: 8c5e7fda-e8bf-4a96-9a85-a6e23a8c635c FriendlyName: High performance)
// **************************
// Benchmark: JulianBenchmarks.SunLongitude: ShortRun(IterationCount=3, LaunchCount=1, WarmupCount=3)
// *** Execute ***
// Launch: 1 / 1
// Execute: dotnet 963e4e57-02f3-4447-b1bb-b281aef2f2eb.dll --anonymousPipes 1988 1980 --benchmarkName JulianBenchmarks.SunLongitude --job ShortRun --benchmarkId 10 in D:\Projects\LongPd.Dates\LongPd.Dates.Julian.Benchmarks\bin\Release\net8.0\963e4e57-02f3-4447-b1bb-b281aef2f2eb\bin\Release\net8.0
// BeforeAnythingElse

// Benchmark Process Environment Information:
// BenchmarkDotNet v0.14.0
// Runtime=.NET 8.0.24 (8.0.2426.7010), X64 RyuJIT AVX-512F+CD+BW+DQ+VL+VBMI
// GC=Non-concurrent Workstation
// HardwareIntrinsics=AVX-512F+CD+BW+DQ+VL+VBMI,AES,BMI1,BMI2,FMA,LZCNT,PCLMUL,POPCNT,AvxVnni VectorSize=256
// Job: ShortRun(IterationCount=3, LaunchCount=1, WarmupCount=3)

OverheadJitting  1: 1 op, 530000.00 ns, 530.0000 us/op
WorkloadJitting  1: 1 op, 646000.00 ns, 646.0000 us/op

OverheadJitting  2: 16 op, 247000.00 ns, 15.4375 us/op
WorkloadJitting  2: 16 op, 252000.00 ns, 15.7500 us/op

WorkloadPilot    1: 16 op, 2000.00 ns, 125.0000 ns/op
WorkloadPilot    2: 32 op, 1800.00 ns, 56.2500 ns/op
WorkloadPilot    3: 64 op, 3900.00 ns, 60.9375 ns/op
WorkloadPilot    4: 128 op, 5800.00 ns, 45.3125 ns/op
WorkloadPilot    5: 256 op, 8100.00 ns, 31.6406 ns/op
WorkloadPilot    6: 512 op, 15200.00 ns, 29.6875 ns/op
WorkloadPilot    7: 1024 op, 49200.00 ns, 48.0469 ns/op
WorkloadPilot    8: 2048 op, 67000.00 ns, 32.7148 ns/op
WorkloadPilot    9: 4096 op, 172500.00 ns, 42.1143 ns/op
WorkloadPilot   10: 8192 op, 343800.00 ns, 41.9678 ns/op
WorkloadPilot   11: 16384 op, 680500.00 ns, 41.5344 ns/op
WorkloadPilot   12: 32768 op, 921700.00 ns, 28.1281 ns/op
WorkloadPilot   13: 65536 op, 1861800.00 ns, 28.4088 ns/op
WorkloadPilot   14: 131072 op, 3753000.00 ns, 28.6331 ns/op
WorkloadPilot   15: 262144 op, 8583000.00 ns, 32.7415 ns/op
WorkloadPilot   16: 524288 op, 14881700.00 ns, 28.3846 ns/op
WorkloadPilot   17: 1048576 op, 29838800.00 ns, 28.4565 ns/op
WorkloadPilot   18: 2097152 op, 60311500.00 ns, 28.7588 ns/op
WorkloadPilot   19: 4194304 op, 98961600.00 ns, 23.5943 ns/op
WorkloadPilot   20: 8388608 op, 185325500.00 ns, 22.0925 ns/op
WorkloadPilot   21: 16777216 op, 380682500.00 ns, 22.6904 ns/op
WorkloadPilot   22: 33554432 op, 735978600.00 ns, 21.9339 ns/op

OverheadWarmup   1: 33554432 op, 42847600.00 ns, 1.2770 ns/op
OverheadWarmup   2: 33554432 op, 43550200.00 ns, 1.2979 ns/op
OverheadWarmup   3: 33554432 op, 42905100.00 ns, 1.2787 ns/op
OverheadWarmup   4: 33554432 op, 42854100.00 ns, 1.2772 ns/op
OverheadWarmup   5: 33554432 op, 42658800.00 ns, 1.2713 ns/op
OverheadWarmup   6: 33554432 op, 42785600.00 ns, 1.2751 ns/op
OverheadWarmup   7: 33554432 op, 43429500.00 ns, 1.2943 ns/op
OverheadWarmup   8: 33554432 op, 45497600.00 ns, 1.3559 ns/op
OverheadWarmup   9: 33554432 op, 35854200.00 ns, 1.0685 ns/op

OverheadActual   1: 33554432 op, 35275100.00 ns, 1.0513 ns/op
OverheadActual   2: 33554432 op, 35289900.00 ns, 1.0517 ns/op
OverheadActual   3: 33554432 op, 35241100.00 ns, 1.0503 ns/op
OverheadActual   4: 33554432 op, 35993600.00 ns, 1.0727 ns/op
OverheadActual   5: 33554432 op, 36477200.00 ns, 1.0871 ns/op
OverheadActual   6: 33554432 op, 35396400.00 ns, 1.0549 ns/op
OverheadActual   7: 33554432 op, 35025800.00 ns, 1.0439 ns/op
OverheadActual   8: 33554432 op, 35039800.00 ns, 1.0443 ns/op
OverheadActual   9: 33554432 op, 34971900.00 ns, 1.0422 ns/op
OverheadActual  10: 33554432 op, 35124800.00 ns, 1.0468 ns/op
OverheadActual  11: 33554432 op, 34958900.00 ns, 1.0419 ns/op
OverheadActual  12: 33554432 op, 34975500.00 ns, 1.0424 ns/op
OverheadActual  13: 33554432 op, 35019600.00 ns, 1.0437 ns/op
OverheadActual  14: 33554432 op, 35085100.00 ns, 1.0456 ns/op
OverheadActual  15: 33554432 op, 35010200.00 ns, 1.0434 ns/op

WorkloadWarmup   1: 33554432 op, 733052300.00 ns, 21.8467 ns/op
WorkloadWarmup   2: 33554432 op, 732435400.00 ns, 21.8283 ns/op
WorkloadWarmup   3: 33554432 op, 731256900.00 ns, 21.7932 ns/op

// BeforeActualRun
WorkloadActual   1: 33554432 op, 729980200.00 ns, 21.7551 ns/op
WorkloadActual   2: 33554432 op, 730243600.00 ns, 21.7630 ns/op
WorkloadActual   3: 33554432 op, 731220700.00 ns, 21.7921 ns/op

// AfterActualRun
WorkloadResult   1: 33554432 op, 694895100.00 ns, 20.7095 ns/op
WorkloadResult   2: 33554432 op, 695158500.00 ns, 20.7173 ns/op
WorkloadResult   3: 33554432 op, 696135600.00 ns, 20.7465 ns/op
// GC:  0 0 0 400 33554432
// Threading:  0 0 33554432

// AfterAll
// Benchmark Process 10008 has exited with code 0.

Mean = 20.724 ns, StdErr = 0.011 ns (0.05%), N = 3, StdDev = 0.019 ns
Min = 20.709 ns, Q1 = 20.713 ns, Median = 20.717 ns, Q3 = 20.732 ns, Max = 20.746 ns
IQR = 0.018 ns, LowerFence = 20.686 ns, UpperFence = 20.760 ns
ConfidenceInterval = [20.369 ns; 21.080 ns] (CI 99.9%), Margin = 0.355 ns (1.71% of Mean)
Skewness = 0.32, Kurtosis = 0.67, MValue = 2

// ** Remained 2 (15.4%) benchmark(s) to run. Estimated finish 2026-05-01 15:43 (0h 0m from now) **
Setup power plan (GUID: 8c5e7fda-e8bf-4a96-9a85-a6e23a8c635c FriendlyName: High performance)
// **************************
// Benchmark: JulianBenchmarks.NewMoon: ShortRun(IterationCount=3, LaunchCount=1, WarmupCount=3)
// *** Execute ***
// Launch: 1 / 1
// Execute: dotnet 963e4e57-02f3-4447-b1bb-b281aef2f2eb.dll --anonymousPipes 1808 1884 --benchmarkName JulianBenchmarks.NewMoon --job ShortRun --benchmarkId 11 in D:\Projects\LongPd.Dates\LongPd.Dates.Julian.Benchmarks\bin\Release\net8.0\963e4e57-02f3-4447-b1bb-b281aef2f2eb\bin\Release\net8.0
// BeforeAnythingElse

// Benchmark Process Environment Information:
// BenchmarkDotNet v0.14.0
// Runtime=.NET 8.0.24 (8.0.2426.7010), X64 RyuJIT AVX-512F+CD+BW+DQ+VL+VBMI
// GC=Non-concurrent Workstation
// HardwareIntrinsics=AVX-512F+CD+BW+DQ+VL+VBMI,AES,BMI1,BMI2,FMA,LZCNT,PCLMUL,POPCNT,AvxVnni VectorSize=256
// Job: ShortRun(IterationCount=3, LaunchCount=1, WarmupCount=3)

OverheadJitting  1: 1 op, 475300.00 ns, 475.3000 us/op
WorkloadJitting  1: 1 op, 740900.00 ns, 740.9000 us/op

OverheadJitting  2: 16 op, 263900.00 ns, 16.4938 us/op
WorkloadJitting  2: 16 op, 675600.00 ns, 42.2250 us/op

WorkloadPilot    1: 16 op, 2300.00 ns, 143.7500 ns/op
WorkloadPilot    2: 32 op, 4400.00 ns, 137.5000 ns/op
WorkloadPilot    3: 64 op, 4200.00 ns, 65.6250 ns/op
WorkloadPilot    4: 128 op, 8100.00 ns, 63.2813 ns/op
WorkloadPilot    5: 256 op, 19000.00 ns, 74.2188 ns/op
WorkloadPilot    6: 512 op, 105000.00 ns, 205.0781 ns/op
WorkloadPilot    7: 1024 op, 63000.00 ns, 61.5234 ns/op
WorkloadPilot    8: 2048 op, 125000.00 ns, 61.0352 ns/op
WorkloadPilot    9: 4096 op, 250400.00 ns, 61.1328 ns/op
WorkloadPilot   10: 8192 op, 500000.00 ns, 61.0352 ns/op
WorkloadPilot   11: 16384 op, 998700.00 ns, 60.9558 ns/op
WorkloadPilot   12: 32768 op, 2004500.00 ns, 61.1725 ns/op
WorkloadPilot   13: 65536 op, 4630300.00 ns, 70.6528 ns/op
WorkloadPilot   14: 131072 op, 8687100.00 ns, 66.2773 ns/op
WorkloadPilot   15: 262144 op, 16318700.00 ns, 62.2509 ns/op
WorkloadPilot   16: 524288 op, 32612300.00 ns, 62.2030 ns/op
WorkloadPilot   17: 1048576 op, 65316100.00 ns, 62.2903 ns/op
WorkloadPilot   18: 2097152 op, 17922000.00 ns, 8.5459 ns/op
WorkloadPilot   19: 4194304 op, 4709100.00 ns, 1.1227 ns/op
WorkloadPilot   20: 8388608 op, 8745500.00 ns, 1.0425 ns/op
WorkloadPilot   21: 16777216 op, 17529500.00 ns, 1.0448 ns/op
WorkloadPilot   22: 33554432 op, 35082600.00 ns, 1.0455 ns/op
WorkloadPilot   23: 67108864 op, 70203500.00 ns, 1.0461 ns/op
WorkloadPilot   24: 134217728 op, 140185700.00 ns, 1.0445 ns/op
WorkloadPilot   25: 268435456 op, 280381600.00 ns, 1.0445 ns/op
WorkloadPilot   26: 536870912 op, 562135600.00 ns, 1.0471 ns/op

OverheadWarmup   1: 536870912 op, 627674100.00 ns, 1.1691 ns/op
OverheadWarmup   2: 536870912 op, 553410800.00 ns, 1.0308 ns/op
OverheadWarmup   3: 536870912 op, 552434100.00 ns, 1.0290 ns/op
OverheadWarmup   4: 536870912 op, 554512000.00 ns, 1.0329 ns/op
OverheadWarmup   5: 536870912 op, 552561000.00 ns, 1.0292 ns/op
OverheadWarmup   6: 536870912 op, 552560400.00 ns, 1.0292 ns/op
OverheadWarmup   7: 536870912 op, 552518200.00 ns, 1.0291 ns/op
OverheadWarmup   8: 536870912 op, 553041800.00 ns, 1.0301 ns/op
OverheadWarmup   9: 536870912 op, 557883500.00 ns, 1.0391 ns/op
OverheadWarmup  10: 536870912 op, 555027500.00 ns, 1.0338 ns/op

OverheadActual   1: 536870912 op, 552743700.00 ns, 1.0296 ns/op
OverheadActual   2: 536870912 op, 552540600.00 ns, 1.0292 ns/op
OverheadActual   3: 536870912 op, 552898100.00 ns, 1.0299 ns/op
OverheadActual   4: 536870912 op, 552917200.00 ns, 1.0299 ns/op
OverheadActual   5: 536870912 op, 551918800.00 ns, 1.0280 ns/op
OverheadActual   6: 536870912 op, 552709900.00 ns, 1.0295 ns/op
OverheadActual   7: 536870912 op, 555940200.00 ns, 1.0355 ns/op
OverheadActual   8: 536870912 op, 555947200.00 ns, 1.0355 ns/op
OverheadActual   9: 536870912 op, 553179600.00 ns, 1.0304 ns/op
OverheadActual  10: 536870912 op, 552708900.00 ns, 1.0295 ns/op
OverheadActual  11: 536870912 op, 553837800.00 ns, 1.0316 ns/op
OverheadActual  12: 536870912 op, 556156600.00 ns, 1.0359 ns/op
OverheadActual  13: 536870912 op, 551918600.00 ns, 1.0280 ns/op
OverheadActual  14: 536870912 op, 552504400.00 ns, 1.0291 ns/op
OverheadActual  15: 536870912 op, 552411600.00 ns, 1.0289 ns/op

WorkloadWarmup   1: 536870912 op, 560668300.00 ns, 1.0443 ns/op
WorkloadWarmup   2: 536870912 op, 562933500.00 ns, 1.0485 ns/op
WorkloadWarmup   3: 536870912 op, 560028300.00 ns, 1.0431 ns/op

// BeforeActualRun
WorkloadActual   1: 536870912 op, 561053400.00 ns, 1.0450 ns/op
WorkloadActual   2: 536870912 op, 560810700.00 ns, 1.0446 ns/op
WorkloadActual   3: 536870912 op, 560705900.00 ns, 1.0444 ns/op

// AfterActualRun
WorkloadResult   1: 536870912 op, 8309700.00 ns, 0.0155 ns/op
WorkloadResult   2: 536870912 op, 8067000.00 ns, 0.0150 ns/op
WorkloadResult   3: 536870912 op, 7962200.00 ns, 0.0148 ns/op
// GC:  0 0 0 400 536870912
// Threading:  0 0 536870912

// AfterAll
// Benchmark Process 26420 has exited with code 0.

Mean = 0.015 ns, StdErr = 0.000 ns (1.27%), N = 3, StdDev = 0.000 ns
Min = 0.015 ns, Q1 = 0.015 ns, Median = 0.015 ns, Q3 = 0.015 ns, Max = 0.015 ns
IQR = 0.000 ns, LowerFence = 0.014 ns, UpperFence = 0.016 ns
ConfidenceInterval = [0.009 ns; 0.021 ns] (CI 99.9%), Margin = 0.006 ns (40.08% of Mean)
Skewness = 0.24, Kurtosis = 0.67, MValue = 2

// ** Remained 1 (7.7%) benchmark(s) to run. Estimated finish 2026-05-01 15:43 (0h 0m from now) **
Setup power plan (GUID: 8c5e7fda-e8bf-4a96-9a85-a6e23a8c635c FriendlyName: High performance)
// **************************
// Benchmark: JulianBenchmarks.LutDecode: ShortRun(IterationCount=3, LaunchCount=1, WarmupCount=3)
// *** Execute ***
// Launch: 1 / 1
// Execute: dotnet 963e4e57-02f3-4447-b1bb-b281aef2f2eb.dll --anonymousPipes 1648 1416 --benchmarkName JulianBenchmarks.LutDecode --job ShortRun --benchmarkId 12 in D:\Projects\LongPd.Dates\LongPd.Dates.Julian.Benchmarks\bin\Release\net8.0\963e4e57-02f3-4447-b1bb-b281aef2f2eb\bin\Release\net8.0
// BeforeAnythingElse

// Benchmark Process Environment Information:
// BenchmarkDotNet v0.14.0
// Runtime=.NET 8.0.24 (8.0.2426.7010), X64 RyuJIT AVX-512F+CD+BW+DQ+VL+VBMI
// GC=Non-concurrent Workstation
// HardwareIntrinsics=AVX-512F+CD+BW+DQ+VL+VBMI,AES,BMI1,BMI2,FMA,LZCNT,PCLMUL,POPCNT,AvxVnni VectorSize=256
// Job: ShortRun(IterationCount=3, LaunchCount=1, WarmupCount=3)

OverheadJitting  1: 1 op, 177700.00 ns, 177.7000 us/op
WorkloadJitting  1: 1 op, 824300.00 ns, 824.3000 us/op

OverheadJitting  2: 16 op, 300100.00 ns, 18.7563 us/op
WorkloadJitting  2: 16 op, 248400.00 ns, 15.5250 us/op

WorkloadPilot    1: 16 op, 1700.00 ns, 106.2500 ns/op
WorkloadPilot    2: 32 op, 600.00 ns, 18.7500 ns/op
WorkloadPilot    3: 64 op, 800.00 ns, 12.5000 ns/op
WorkloadPilot    4: 128 op, 1600.00 ns, 12.5000 ns/op
WorkloadPilot    5: 256 op, 3800.00 ns, 14.8438 ns/op
WorkloadPilot    6: 512 op, 4900.00 ns, 9.5703 ns/op
WorkloadPilot    7: 1024 op, 10700.00 ns, 10.4492 ns/op
WorkloadPilot    8: 2048 op, 20700.00 ns, 10.1074 ns/op
WorkloadPilot    9: 4096 op, 36700.00 ns, 8.9600 ns/op
WorkloadPilot   10: 8192 op, 73300.00 ns, 8.9478 ns/op
WorkloadPilot   11: 16384 op, 225700.00 ns, 13.7756 ns/op
WorkloadPilot   12: 32768 op, 297000.00 ns, 9.0637 ns/op
WorkloadPilot   13: 65536 op, 732900.00 ns, 11.1832 ns/op
WorkloadPilot   14: 131072 op, 1157400.00 ns, 8.8303 ns/op
WorkloadPilot   15: 262144 op, 2340300.00 ns, 8.9275 ns/op
WorkloadPilot   16: 524288 op, 4664000.00 ns, 8.8959 ns/op
WorkloadPilot   17: 1048576 op, 9383200.00 ns, 8.9485 ns/op
WorkloadPilot   18: 2097152 op, 18704700.00 ns, 8.9191 ns/op
WorkloadPilot   19: 4194304 op, 37412900.00 ns, 8.9199 ns/op
WorkloadPilot   20: 8388608 op, 69910100.00 ns, 8.3339 ns/op
WorkloadPilot   21: 16777216 op, 20335100.00 ns, 1.2121 ns/op
WorkloadPilot   22: 33554432 op, 34819500.00 ns, 1.0377 ns/op
WorkloadPilot   23: 67108864 op, 69696000.00 ns, 1.0386 ns/op
WorkloadPilot   24: 134217728 op, 140218800.00 ns, 1.0447 ns/op
WorkloadPilot   25: 268435456 op, 279164000.00 ns, 1.0400 ns/op
WorkloadPilot   26: 536870912 op, 560441900.00 ns, 1.0439 ns/op

OverheadWarmup   1: 536870912 op, 601743400.00 ns, 1.1208 ns/op
OverheadWarmup   2: 536870912 op, 557971100.00 ns, 1.0393 ns/op
OverheadWarmup   3: 536870912 op, 558001700.00 ns, 1.0394 ns/op
OverheadWarmup   4: 536870912 op, 557572200.00 ns, 1.0386 ns/op
OverheadWarmup   5: 536870912 op, 736504100.00 ns, 1.3718 ns/op
OverheadWarmup   6: 536870912 op, 867746000.00 ns, 1.6163 ns/op
OverheadWarmup   7: 536870912 op, 868814700.00 ns, 1.6183 ns/op
OverheadWarmup   8: 536870912 op, 903330600.00 ns, 1.6826 ns/op
OverheadWarmup   9: 536870912 op, 862047000.00 ns, 1.6057 ns/op

OverheadActual   1: 536870912 op, 873305800.00 ns, 1.6267 ns/op
OverheadActual   2: 536870912 op, 876328400.00 ns, 1.6323 ns/op
OverheadActual   3: 536870912 op, 861510200.00 ns, 1.6047 ns/op
OverheadActual   4: 536870912 op, 874761400.00 ns, 1.6294 ns/op
OverheadActual   5: 536870912 op, 896264600.00 ns, 1.6694 ns/op
OverheadActual   6: 536870912 op, 865631100.00 ns, 1.6124 ns/op
OverheadActual   7: 536870912 op, 864648000.00 ns, 1.6105 ns/op
OverheadActual   8: 536870912 op, 887744700.00 ns, 1.6536 ns/op
OverheadActual   9: 536870912 op, 877115800.00 ns, 1.6338 ns/op
OverheadActual  10: 536870912 op, 859332400.00 ns, 1.6006 ns/op
OverheadActual  11: 536870912 op, 890609100.00 ns, 1.6589 ns/op
OverheadActual  12: 536870912 op, 892738600.00 ns, 1.6629 ns/op
OverheadActual  13: 536870912 op, 881325200.00 ns, 1.6416 ns/op
OverheadActual  14: 536870912 op, 831614200.00 ns, 1.5490 ns/op
OverheadActual  15: 536870912 op, 881306000.00 ns, 1.6416 ns/op

WorkloadWarmup   1: 536870912 op, 902000600.00 ns, 1.6801 ns/op
WorkloadWarmup   2: 536870912 op, 856239900.00 ns, 1.5949 ns/op
WorkloadWarmup   3: 536870912 op, 863411200.00 ns, 1.6082 ns/op

// BeforeActualRun
WorkloadActual   1: 536870912 op, 860090000.00 ns, 1.6020 ns/op
WorkloadActual   2: 536870912 op, 861843400.00 ns, 1.6053 ns/op
WorkloadActual   3: 536870912 op, 829245200.00 ns, 1.5446 ns/op

// AfterActualRun
WorkloadResult   1: 536870912 op, 0.00 ns, 0.0000 ns/op
WorkloadResult   2: 536870912 op, 0.00 ns, 0.0000 ns/op
WorkloadResult   3: 536870912 op, 0.00 ns, 0.0000 ns/op
// GC:  0 0 0 400 536870912
// Threading:  0 0 536870912

// AfterAll
// Benchmark Process 14288 has exited with code 0.

Mean = 0.000 ns, StdErr = 0.000 ns (NaN%), N = 3, StdDev = 0.000 ns
Min = 0.000 ns, Q1 = 0.000 ns, Median = 0.000 ns, Q3 = 0.000 ns, Max = 0.000 ns
IQR = 0.000 ns, LowerFence = 0.000 ns, UpperFence = 0.000 ns
ConfidenceInterval = [0.000 ns; 0.000 ns] (CI 99.9%), Margin = 0.000 ns (NaN% of Mean)
Skewness = NaN, Kurtosis = NaN, MValue = 2

// ** Remained 0 (0.0%) benchmark(s) to run. Estimated finish 2026-05-01 15:44 (0h 0m from now) **
Successfully reverted power plan (GUID: 381b4222-f694-41f0-9685-ff5bb260df2e FriendlyName: Balanced)
// ***** BenchmarkRunner: Finish  *****

// * Export *
  BenchmarkDotNet.Artifacts\results\JulianBenchmarks-report.csv
  BenchmarkDotNet.Artifacts\results\JulianBenchmarks-report-github.md
  BenchmarkDotNet.Artifacts\results\JulianBenchmarks-report.html

// * Detailed results *
JulianBenchmarks.ToAstronomicalJD: ShortRun(IterationCount=3, LaunchCount=1, WarmupCount=3)
Runtime = .NET 8.0.24 (8.0.2426.7010), X64 RyuJIT AVX-512F+CD+BW+DQ+VL+VBMI; GC = Non-concurrent Workstation
Mean = 11.736 ns, StdErr = 0.041 ns (0.35%), N = 3, StdDev = 0.070 ns
Min = 11.687 ns, Q1 = 11.696 ns, Median = 11.704 ns, Q3 = 11.760 ns, Max = 11.816 ns
IQR = 0.065 ns, LowerFence = 11.599 ns, UpperFence = 11.857 ns
ConfidenceInterval = [10.455 ns; 13.017 ns] (CI 99.9%), Margin = 1.281 ns (10.91% of Mean)
Skewness = 0.36, Kurtosis = 0.67, MValue = 2
-------------------- Histogram --------------------
[11.623 ns ; 11.880 ns) | @@@
---------------------------------------------------

JulianBenchmarks.FromAstronomicalJD: ShortRun(IterationCount=3, LaunchCount=1, WarmupCount=3)
Runtime = .NET 8.0.24 (8.0.2426.7010), X64 RyuJIT AVX-512F+CD+BW+DQ+VL+VBMI; GC = Non-concurrent Workstation
Mean = 11.944 ns, StdErr = 0.051 ns (0.43%), N = 3, StdDev = 0.088 ns
Min = 11.887 ns, Q1 = 11.893 ns, Median = 11.899 ns, Q3 = 11.972 ns, Max = 12.045 ns
IQR = 0.079 ns, LowerFence = 11.775 ns, UpperFence = 12.091 ns
ConfidenceInterval = [10.335 ns; 13.553 ns] (CI 99.9%), Margin = 1.609 ns (13.47% of Mean)
Skewness = 0.38, Kurtosis = 0.67, MValue = 2
-------------------- Histogram --------------------
[11.886 ns ; 12.047 ns) | @@@
---------------------------------------------------

JulianBenchmarks.ToModifiedJulianDate: ShortRun(IterationCount=3, LaunchCount=1, WarmupCount=3)
Runtime = .NET 8.0.24 (8.0.2426.7010), X64 RyuJIT AVX-512F+CD+BW+DQ+VL+VBMI; GC = Non-concurrent Workstation
Mean = 11.953 ns, StdErr = 0.039 ns (0.33%), N = 3, StdDev = 0.068 ns
Min = 11.912 ns, Q1 = 11.914 ns, Median = 11.917 ns, Q3 = 11.974 ns, Max = 12.032 ns
IQR = 0.060 ns, LowerFence = 11.825 ns, UpperFence = 12.064 ns
ConfidenceInterval = [10.719 ns; 13.188 ns] (CI 99.9%), Margin = 1.235 ns (10.33% of Mean)
Skewness = 0.38, Kurtosis = 0.67, MValue = 2
-------------------- Histogram --------------------
[11.910 ns ; 12.033 ns) | @@@
---------------------------------------------------

JulianBenchmarks.FromModifiedJulianDate: ShortRun(IterationCount=3, LaunchCount=1, WarmupCount=3)
Runtime = .NET 8.0.24 (8.0.2426.7010), X64 RyuJIT AVX-512F+CD+BW+DQ+VL+VBMI; GC = Non-concurrent Workstation
Mean = 12.378 ns, StdErr = 0.021 ns (0.17%), N = 3, StdDev = 0.037 ns
Min = 12.340 ns, Q1 = 12.360 ns, Median = 12.379 ns, Q3 = 12.397 ns, Max = 12.414 ns
IQR = 0.037 ns, LowerFence = 12.304 ns, UpperFence = 12.452 ns
ConfidenceInterval = [11.703 ns; 13.053 ns] (CI 99.9%), Margin = 0.675 ns (5.45% of Mean)
Skewness = -0.03, Kurtosis = 0.67, MValue = 2
-------------------- Histogram --------------------
[12.307 ns ; 12.448 ns) | @@@
---------------------------------------------------

JulianBenchmarks.ToOrdinalDate: ShortRun(IterationCount=3, LaunchCount=1, WarmupCount=3)
Runtime = .NET 8.0.24 (8.0.2426.7010), X64 RyuJIT AVX-512F+CD+BW+DQ+VL+VBMI; GC = Non-concurrent Workstation
Mean = 3.213 ns, StdErr = 0.227 ns (7.07%), N = 3, StdDev = 0.393 ns
Min = 2.761 ns, Q1 = 3.080 ns, Median = 3.399 ns, Q3 = 3.439 ns, Max = 3.478 ns
IQR = 0.359 ns, LowerFence = 2.542 ns, UpperFence = 3.977 ns
ConfidenceInterval = [-3.962 ns; 10.387 ns] (CI 99.9%), Margin = 7.175 ns (223.31% of Mean)
Skewness = -0.37, Kurtosis = 0.67, MValue = 2
-------------------- Histogram --------------------
[2.403 ns ; 3.081 ns) | @
[3.081 ns ; 3.836 ns) | @@
---------------------------------------------------

JulianBenchmarks.FromOrdinalDate: ShortRun(IterationCount=3, LaunchCount=1, WarmupCount=3)
Runtime = .NET 8.0.24 (8.0.2426.7010), X64 RyuJIT AVX-512F+CD+BW+DQ+VL+VBMI; GC = Non-concurrent Workstation
Mean = 1.474 ns, StdErr = 0.027 ns (1.84%), N = 3, StdDev = 0.047 ns
Min = 1.446 ns, Q1 = 1.447 ns, Median = 1.448 ns, Q3 = 1.488 ns, Max = 1.528 ns
IQR = 0.041 ns, LowerFence = 1.386 ns, UpperFence = 1.550 ns
ConfidenceInterval = [0.617 ns; 2.332 ns] (CI 99.9%), Margin = 0.857 ns (58.16% of Mean)
Skewness = 0.38, Kurtosis = 0.67, MValue = 2
-------------------- Histogram --------------------
[1.445 ns ; 1.530 ns) | @@@
---------------------------------------------------

JulianBenchmarks.ToVietnameseLunar: ShortRun(IterationCount=3, LaunchCount=1, WarmupCount=3)
Runtime = .NET 8.0.24 (8.0.2426.7010), X64 RyuJIT AVX-512F+CD+BW+DQ+VL+VBMI; GC = Non-concurrent Workstation
Mean = 1.430 μs, StdErr = 0.001 μs (0.05%), N = 3, StdDev = 0.001 μs
Min = 1.429 μs, Q1 = 1.429 μs, Median = 1.429 μs, Q3 = 1.430 μs, Max = 1.432 μs
IQR = 0.001 μs, LowerFence = 1.428 μs, UpperFence = 1.432 μs
ConfidenceInterval = [1.406 μs; 1.454 μs] (CI 99.9%), Margin = 0.024 μs (1.69% of Mean)
Skewness = 0.38, Kurtosis = 0.67, MValue = 2
-------------------- Histogram --------------------
[1.429 μs ; 1.432 μs) | @@@
---------------------------------------------------

JulianBenchmarks.FromVietnameseLunar: ShortRun(IterationCount=3, LaunchCount=1, WarmupCount=3)
Runtime = .NET 8.0.24 (8.0.2426.7010), X64 RyuJIT AVX-512F+CD+BW+DQ+VL+VBMI; GC = Non-concurrent Workstation
Mean = 1.375 μs, StdErr = 0.002 μs (0.15%), N = 3, StdDev = 0.003 μs
Min = 1.371 μs, Q1 = 1.373 μs, Median = 1.375 μs, Q3 = 1.376 μs, Max = 1.378 μs
IQR = 0.003 μs, LowerFence = 1.368 μs, UpperFence = 1.382 μs
ConfidenceInterval = [1.311 μs; 1.438 μs] (CI 99.9%), Margin = 0.064 μs (4.62% of Mean)
Skewness = -0.19, Kurtosis = 0.67, MValue = 2
-------------------- Histogram --------------------
[1.368 μs ; 1.381 μs) | @@@
---------------------------------------------------

JulianBenchmarks.GetSolarTerm: ShortRun(IterationCount=3, LaunchCount=1, WarmupCount=3)
Runtime = .NET 8.0.24 (8.0.2426.7010), X64 RyuJIT AVX-512F+CD+BW+DQ+VL+VBMI; GC = Non-concurrent Workstation
Mean = 36.080 ns, StdErr = 0.003 ns (0.01%), N = 3, StdDev = 0.006 ns
Min = 36.075 ns, Q1 = 36.077 ns, Median = 36.079 ns, Q3 = 36.083 ns, Max = 36.086 ns
IQR = 0.005 ns, LowerFence = 36.069 ns, UpperFence = 36.091 ns
ConfidenceInterval = [35.980 ns; 36.181 ns] (CI 99.9%), Margin = 0.101 ns (0.28% of Mean)
Skewness = 0.14, Kurtosis = 0.67, MValue = 2
-------------------- Histogram --------------------
[36.070 ns ; 36.091 ns) | @@@
---------------------------------------------------

JulianBenchmarks.GetSolarTermName: ShortRun(IterationCount=3, LaunchCount=1, WarmupCount=3)
Runtime = .NET 8.0.24 (8.0.2426.7010), X64 RyuJIT AVX-512F+CD+BW+DQ+VL+VBMI; GC = Non-concurrent Workstation
Mean = 38.008 ns, StdErr = 0.034 ns (0.09%), N = 3, StdDev = 0.058 ns
Min = 37.963 ns, Q1 = 37.975 ns, Median = 37.987 ns, Q3 = 38.030 ns, Max = 38.074 ns
IQR = 0.055 ns, LowerFence = 37.892 ns, UpperFence = 38.113 ns
ConfidenceInterval = [36.947 ns; 39.068 ns] (CI 99.9%), Margin = 1.061 ns (2.79% of Mean)
Skewness = 0.32, Kurtosis = 0.67, MValue = 2
-------------------- Histogram --------------------
[37.910 ns ; 38.127 ns) | @@@
---------------------------------------------------

JulianBenchmarks.SunLongitude: ShortRun(IterationCount=3, LaunchCount=1, WarmupCount=3)
Runtime = .NET 8.0.24 (8.0.2426.7010), X64 RyuJIT AVX-512F+CD+BW+DQ+VL+VBMI; GC = Non-concurrent Workstation
Mean = 20.724 ns, StdErr = 0.011 ns (0.05%), N = 3, StdDev = 0.019 ns
Min = 20.709 ns, Q1 = 20.713 ns, Median = 20.717 ns, Q3 = 20.732 ns, Max = 20.746 ns
IQR = 0.018 ns, LowerFence = 20.686 ns, UpperFence = 20.760 ns
ConfidenceInterval = [20.369 ns; 21.080 ns] (CI 99.9%), Margin = 0.355 ns (1.71% of Mean)
Skewness = 0.32, Kurtosis = 0.67, MValue = 2
-------------------- Histogram --------------------
[20.692 ns ; 20.764 ns) | @@@
---------------------------------------------------

JulianBenchmarks.NewMoon: ShortRun(IterationCount=3, LaunchCount=1, WarmupCount=3)
Runtime = .NET 8.0.24 (8.0.2426.7010), X64 RyuJIT AVX-512F+CD+BW+DQ+VL+VBMI; GC = Non-concurrent Workstation
Mean = 0.015 ns, StdErr = 0.000 ns (1.27%), N = 3, StdDev = 0.000 ns
Min = 0.015 ns, Q1 = 0.015 ns, Median = 0.015 ns, Q3 = 0.015 ns, Max = 0.015 ns
IQR = 0.000 ns, LowerFence = 0.014 ns, UpperFence = 0.016 ns
ConfidenceInterval = [0.009 ns; 0.021 ns] (CI 99.9%), Margin = 0.006 ns (40.08% of Mean)
Skewness = 0.24, Kurtosis = 0.67, MValue = 2
-------------------- Histogram --------------------
[0.015 ns ; 0.016 ns) | @@@
---------------------------------------------------

JulianBenchmarks.LutDecode: ShortRun(IterationCount=3, LaunchCount=1, WarmupCount=3)
Runtime = .NET 8.0.24 (8.0.2426.7010), X64 RyuJIT AVX-512F+CD+BW+DQ+VL+VBMI; GC = Non-concurrent Workstation
Mean = 0.000 ns, StdErr = 0.000 ns (NaN%), N = 3, StdDev = 0.000 ns
Min = 0.000 ns, Q1 = 0.000 ns, Median = 0.000 ns, Q3 = 0.000 ns, Max = 0.000 ns
IQR = 0.000 ns, LowerFence = 0.000 ns, UpperFence = 0.000 ns
ConfidenceInterval = [0.000 ns; 0.000 ns] (CI 99.9%), Margin = 0.000 ns (NaN% of Mean)
Skewness = NaN, Kurtosis = NaN, MValue = 2
-------------------- Histogram --------------------
[-0.500 ns ; 0.500 ns) | @@@
---------------------------------------------------

// * Summary *

BenchmarkDotNet v0.14.0, Windows 11 (10.0.26200.8246)
Unknown processor
.NET SDK 10.0.103
  [Host]   : .NET 8.0.24 (8.0.2426.7010), X64 RyuJIT AVX-512F+CD+BW+DQ+VL+VBMI
  ShortRun : .NET 8.0.24 (8.0.2426.7010), X64 RyuJIT AVX-512F+CD+BW+DQ+VL+VBMI

Job=ShortRun  IterationCount=3  LaunchCount=1  
WarmupCount=3  

| Method                 | Mean          | Error      | StdDev    | Allocated |
|----------------------- |--------------:|-----------:|----------:|----------:|
| ToAstronomicalJD       |    11.7359 ns |  1.2807 ns | 0.0702 ns |         - |
| FromAstronomicalJD     |    11.9438 ns |  1.6087 ns | 0.0882 ns |         - |
| ToModifiedJulianDate   |    11.9534 ns |  1.2349 ns | 0.0677 ns |         - |
| FromModifiedJulianDate |    12.3780 ns |  0.6746 ns | 0.0370 ns |         - |
| ToOrdinalDate          |     3.2129 ns |  7.1746 ns | 0.3933 ns |         - |
| FromOrdinalDate        |     1.4742 ns |  0.8574 ns | 0.0470 ns |         - |
| ToVietnameseLunar      | 1,430.0815 ns | 24.1761 ns | 1.3252 ns |         - |
| FromVietnameseLunar    | 1,374.5595 ns | 63.5028 ns | 3.4808 ns |         - |
| GetSolarTerm           |    36.0802 ns |  0.1006 ns | 0.0055 ns |         - |
| GetSolarTermName       |    38.0078 ns |  1.0606 ns | 0.0581 ns |         - |
| SunLongitude           |    20.7244 ns |  0.3554 ns | 0.0195 ns |         - |
| NewMoon                |     0.0151 ns |  0.0061 ns | 0.0003 ns |         - |
| LutDecode              |     0.0000 ns |  0.0000 ns | 0.0000 ns |         - |

// * Warnings *
ZeroMeasurement
  JulianBenchmarks.NewMoon: ShortRun   -> The method duration is indistinguishable from the empty method duration
  JulianBenchmarks.LutDecode: ShortRun -> The method duration is indistinguishable from the empty method duration

// * Legends *
  Mean      : Arithmetic mean of all measurements
  Error     : Half of 99.9% confidence interval
  StdDev    : Standard deviation of all measurements
  Allocated : Allocated memory per single operation (managed only, inclusive, 1KB = 1024B)
  1 ns      : 1 Nanosecond (0.000000001 sec)

// * Diagnostic Output - MemoryDiagnoser *


// ***** BenchmarkRunner: End *****
Run time: 00:02:39 (159.85 sec), executed benchmarks: 13

Global total time: 00:02:49 (169.8 sec), executed benchmarks: 13
// * Artifacts cleanup *
Artifacts cleanup is finished
